0.001 7 5 72.329 256.409 266.415 -180.766 0.000186846
0.001 7 6 57.0425 350.856 355.463 263.637 -1.93573e-05
0.001 7 7 55.0282 253.258 259.167 -181.712 8.88726e-05
0.001 7 9 44.5245 184.79 190.079 -123.02 5.25254e-05
0.001 7 11 36.222 136.774 141.489 -87.8225 3.43784e-05
0.001 7 13 34.3265 85.6574 92.2795 -46.4817 2.41731e-05
0.001 7 16 30.3425 228.468 230.474 168.673 -3.76812e-06
0.001 7 20 27.1073 208.038 209.796 152.936 -3.19249e-06
0.001 7 24 25.9321 186.932 188.722 137.059 -2.80192e-06
0.001 7 30 24.6064 166.211 168.022 122.058 -5.35306e-07
0.001 7 37 23.6767 157.621 159.389 116.035 1.87821e-06
0.001 7 46 23.0246 159.334 160.989 117.166 1.68967e-06
0.001 7 57 22.5726 159.358 160.949 117.143 1.69951e-06
0.001 7 71 22.2789 159.409 160.959 117.151 1.69881e-06
0.001 7 5 72.329 256.409 266.415 -180.766 0.000186846
0.001 7 6 57.0425 350.856 355.463 263.637 -1.93573e-05
0.001 7 7 55.0282 253.258 259.167 -181.712 8.88726e-05
0.001 7 9 44.5245 184.79 190.079 -123.02 5.25254e-05
0.001 7 11 36.222 136.774 141.489 -87.8225 3.43784e-05
0.001 7 13 34.3265 85.6574 92.2795 -46.4817 2.41731e-05
0.001 7 16 30.3425 228.468 230.474 168.673 -3.76812e-06
0.001 7 20 27.1073 208.038 209.796 152.936 -3.19249e-06
0.001 7 24 25.9321 186.932 188.722 137.059 -2.80192e-06
0.001 7 30 24.6064 166.211 168.022 122.058 -5.35306e-07
0.001 7 37 23.6767 157.621 159.389 116.035 1.87821e-06
0.001 7 46 23.0246 159.334 160.989 117.166 1.68967e-06
0.001 7 57 22.5726 159.358 160.949 117.143 1.69951e-06
0.001 7 71 22.2789 159.409 160.959 117.151 1.69881e-06
0.001 9 5 72.1886 256.43 266.397 -180.738 0.000186904
0.001 9 6 56.8624 350.888 355.465 263.637 -1.93704e-05
0.001 9 7 54.8228 253.291 259.156 -181.706 8.89086e-05
0.001 9 9 44.2471 218.197 222.639 -147.712 5.25769e-05
0.001 9 11 35.8509 210.773 213.801 -143.48 3.44736e-05
0.001 9 13 33.9051 194.129 197.067 -133.778 2.43512e-05
0.001 9 16 29.8288 229.367 231.299 169.499 -3.59673e-06
0.001 9 20 26.5227 212.226 213.877 156.463 -2.84483e-06
0.001 9 24 25.3 196.312 197.936 144.548 -2.72285e-06
0.001 9 30 23.8595 179.153 180.735 131.94 -2.00316e-06
0.001 9 37 22.8578 75.5304 78.9134 56.1852 2.86328e-06
0.001 9 46 22.1629 144.281 145.973 106.227 -1.13303e-06
0.001 9 57 21.6489 134.567 136.298 99.1502 4.21011e-07
0.001 9 71 21.3348 135.935 137.599 100.18 3.24657e-07
0.001 9 5 72.1886 256.43 266.397 -180.738 0.000186904
0.001 9 6 56.8624 350.888 355.465 263.637 -1.93704e-05
0.001 9 7 54.8228 253.291 259.156 -181.706 8.89086e-05
0.001 9 9 44.2471 218.197 222.639 -147.712 5.25769e-05
0.001 9 11 35.8509 210.773 213.801 -143.48 3.44736e-05
0.001 9 13 33.9051 194.129 197.067 -133.778 2.43512e-05
0.001 9 16 29.8288 229.367 231.299 169.499 -3.59673e-06
0.001 9 20 26.5227 212.226 213.877 156.463 -2.84483e-06
0.001 9 24 25.3 196.312 197.936 144.548 -2.72285e-06
0.001 9 30 23.8595 179.153 180.735 131.94 -2.00316e-06
0.001 9 37 22.8578 75.5304 78.9134 56.1852 2.86328e-06
0.001 9 46 22.1629 144.281 145.973 106.227 -1.13303e-06
0.001 9 57 21.6489 134.567 136.298 99.1502 4.21011e-07
0.001 9 71 21.3348 135.935 137.599 100.18 3.24657e-07
0.001 11 5 71.9275 256.551 266.444 -180.731 0.000186904
0.001 11 6 56.5306 350.942 355.465 263.637 -1.93704e-05
0.001 11 7 54.4321 253.385 259.165 -181.704 8.89093e-05
0.001 11 9 43.7177 218.369 222.703 -147.602 5.25783e-05
0.001 11 11 35.1527 211.005 213.913 -143.475 3.44766e-05
0.001 11 13 33.1308 194.846 197.643 -134.238 2.43572e-05
0.001 11 16 28.9108 229.501 231.314 169.518 -3.59978e-06
0.001 11 20 25.4371 212.406 213.924 156.517 -2.85291e-06
0.001 11 24 24.1356 196.616 198.092 144.708 -2.72254e-06
0.001 11 30 22.6129 180.378 181.789 132.845 -1.91909e-06
0.001 11 37 21.545 47.4245 52.089 -27.5987 3.29113e-06
0.001 11 46 20.786 154.975 156.363 114.138 -1.50786e-06
0.001 11 57 20.2338 72.2795 75.0582 53.0711 9.71995e-07
0.001 11 71 19.8898 111.317 113.08 81.7805 1.12459e-07
0.001 13 5 71.6254 256.616 266.424 -180.728 0.000186904
0.001 13 6 56.1457 351.003 355.465 263.637 -1.93704e-05
0.001 13 7 53.96 253.474 259.154 -181.702 8.89094e-05
0.001 13 9 43.0493 218.457 222.659 -147.602 5.25783e-05
0.001 13 11 34.2305 211.115 213.872 -143.476 3.44766e-05
0.001 13 13 32.0687 194.995 197.614 -134.238 2.43573e-05
0.001 13 16 27.6043 229.662 231.315 169.518 -3.59976e-06
0.001 13 20 23.7893 212.6 213.927 156.52 -2.85283e-06
0.001 13 24 22.2801 196.849 198.106 144.721 -2.72261e-06
0.001 13 30 20.5216 180.691 181.852 132.901 -1.92144e-06
0.001 13 37 19.301 78.4012 80.7421 -51.2789 3.32622e-06
0.001 13 46 18.4466 156.025 157.112 114.75 -1.48288e-06
0.001 13 57 17.8034 25.677 31.2453 -12.4999 1.18744e-06
0.001 13 71 17.404 39.1112 42.8087 26.9551 5.13184e-07
0.001 13 5 71.6254 256.616 266.424 -180.728 0.000186904
0.001 13 6 56.1457 351.003 355.465 263.637 -1.93704e-05
0.001 13 7 53.96 253.474 259.154 -181.702 8.89094e-05
0.001 13 9 43.0493 218.457 222.659 -147.602 5.25783e-05
0.001 13 11 34.2305 211.115 213.872 -143.476 3.44766e-05
0.001 13 13 32.0687 194.995 197.614 -134.238 2.43573e-05
0.001 13 16 27.6043 229.662 231.315 169.518 -3.59976e-06
0.001 13 20 23.7893 212.6 213.927 156.52 -2.85283e-06
0.001 13 24 22.2801 196.849 198.106 144.721 -2.72261e-06
0.001 13 30 20.5216 180.691 181.852 132.901 -1.92144e-06
0.001 13 37 19.301 78.4012 80.7421 -51.2789 3.32622e-06
0.001 13 46 18.4466 156.025 157.112 114.75 -1.48288e-06
0.001 13 57 17.8034 25.677 31.2453 -12.4999 1.18744e-06
0.001 13 71 17.404 39.1112 42.8087 26.9551 5.13184e-07
0.001 15 5 71.5128 256.658 266.435 -180.727 0.000186904
0.001 15 6 56.002 351.026 355.465 263.637 -1.93704e-05
0.001 15 7 53.7684 253.52 259.159 -181.702 8.89094e-05
0.001 15 9 42.7541 218.521 222.664 -147.602 5.25783e-05
0.001 15 11 33.7862 211.189 213.874 -143.476 3.44766e-05
0.001 15 13 31.5139 195.083 197.612 -134.237 2.43573e-05
0.001 15 16 26.8616 229.75 231.315 169.518 -3.59976e-06
0.001 15 20 22.6937 212.72 213.927 156.52 -2.85283e-06
0.001 15 24 20.8643 197.004 198.106 144.721 -2.72261e-06
0.001 15 30 18.6199 180.899 181.855 132.903 -1.92141e-06
0.001 15 37 16.9119 78.9862 80.7764 -51.1497 3.32875e-06
0.001 15 46 15.7689 156.418 157.21 114.83 -1.48391e-06
0.001 15 57 14.9824 39.4467 42.1961 -24.9825 1.21667e-06
0.001 15 71 14.3604 27.8533 31.3373 -16.2431 5.8061e-07
0.001 17 5 71.5051 256.663 266.438 -180.727 0.000186904
0.001 17 6 55.9922 351.028 355.465 263.637 -1.93704e-05
0.001 17 7 53.7582 253.524 259.161 -181.701 8.89094e-05
0.001 17 9 42.7408 218.525 222.666 -147.602 5.25783e-05
0.001 17 11 33.7671 211.193 213.875 -143.476 3.44766e-05
0.001 17 13 31.4883 195.088 197.613 -134.237 2.43573e-05
0.001 17 16 26.8212 229.755 231.315 169.518 -3.59976e-06
0.001 17 20 22.6012 212.73 213.927 156.52 -2.85283e-06
0.001 17 24 20.6792 197.024 198.106 144.721 -2.72261e-06
0.001 17 30 18.1816 180.943 181.855 132.903 -1.92141e-06
0.001 17 37 15.9075 79.0647 80.6491 -51.1758 3.32884e-06
0.001 17 46 13.9712 156.594 157.216 114.834 -1.48389e-06
0.001 17 57 11.9756 39.3372 41.1197 -24.8671 1.21989e-06
0.001 17 71 10.4834 28.1339 30.0237 -17.0225 5.93729e-07
0.001 21 5 71.4417 256.676 266.433 -180.726 0.000186904
0.001 21 6 55.9112 351.041 355.465 263.637 -1.93704e-05
0.001 21 7 53.6587 253.542 259.158 -181.701 8.89094e-05
0.001 21 9 42.5986 218.55 222.663 -147.602 5.25783e-05
0.001 21 11 33.568 211.222 213.873 -143.475 3.44766e-05
0.001 21 13 31.2566 195.123 197.611 -134.237 2.43573e-05
0.001 21 16 26.53 229.788 231.315 169.518 -3.59976e-06
0.001 21 20 22.2192 212.77 213.927 156.52 -2.85283e-06
0.001 21 24 20.2345 197.07 198.106 144.721 -2.72261e-06
0.001 21 30 17.6521 180.996 181.855 132.903 -1.92141e-06
0.001 21 37 15.294 79.1789 80.6425 -51.1763 3.32884e-06
0.001 21 46 13.2466 156.657 157.216 114.834 -1.48389e-06
0.001 21 57 10.8875 39.8236 41.285 -24.9123 1.22008e-06
0.001 21 71 8.39221 28.7359 29.9362 -17.1579 5.95142e-07
0.001 23 5 71.4379 256.677 266.433 -180.726 0.000186904
0.001 23 6 55.9063 351.042 355.465 263.637 -1.93704e-05
0.001 23 7 53.653 253.543 259.158 -181.701 8.89094e-05
0.001 23 9 42.5911 218.551 222.663 -147.602 5.25783e-05
0.001 23 11 33.558 211.224 213.873 -143.475 3.44766e-05
0.001 23 13 31.2456 195.125 197.61 -134.237 2.43573e-05
0.001 23 16 26.5169 229.79 231.315 169.518 -3.59976e-06
0.001 23 20 22.2033 212.771 213.927 156.52 -2.85283e-06
0.001 23 24 20.2168 197.072 198.106 144.721 -2.72261e-06
0.001 23 30 17.6317 180.998 181.855 132.903 -1.92141e-06
0.001 23 37 15.2705 79.1832 80.6423 -51.1763 3.32884e-06
0.001 23 46 13.2194 156.659 157.216 114.834 -1.48389e-06
0.001 23 57 10.8536 39.8337 41.2858 -24.9124 1.22008e-06
0.001 23 71 8.33609 28.7494 29.9336 -17.1587 5.95145e-07
0.001 27 5 71.4376 256.677 266.433 -180.726 0.000186904
0.001 27 6 55.9059 351.042 355.465 263.637 -1.93704e-05
0.001 27 7 53.6526 253.543 259.158 -181.701 8.89094e-05
0.001 27 9 42.5906 218.551 222.662 -147.601 5.25783e-05
0.001 27 11 33.5573 211.224 213.873 -143.475 3.44766e-05
0.001 27 13 31.2448 195.125 197.61 -134.237 2.43573e-05
0.001 27 16 26.516 229.79 231.315 169.518 -3.59976e-06
0.001 27 20 22.2021 212.772 213.927 156.52 -2.85283e-06
0.001 27 24 20.2156 197.072 198.106 144.721 -2.72261e-06
0.001 27 30 17.6303 180.998 181.855 132.903 -1.92141e-06
0.001 27 37 15.2689 79.1835 80.6422 -51.1763 3.32884e-06
0.001 27 46 13.2175 156.659 157.216 114.834 -1.48389e-06
0.001 27 57 10.8513 39.8343 41.2858 -24.9124 1.22008e-06
0.001 27 71 8.33253 28.7502 29.9334 -17.1587 5.95145e-07
0.001 31 5 71.4376 256.677 266.433 -180.726 0.000186904
0.001 31 6 55.9059 351.042 355.465 263.637 -1.93704e-05
0.001 31 7 53.6526 253.543 259.158 -181.701 8.89094e-05
0.001 31 9 42.5906 218.551 222.662 -147.601 5.25783e-05
0.001 31 11 33.5573 211.224 213.873 -143.475 3.44766e-05
0.001 31 13 31.2448 195.125 197.61 -134.237 2.43573e-05
0.001 31 16 26.516 229.79 231.315 169.518 -3.59976e-06
0.001 31 20 22.2021 212.772 213.927 156.52 -2.85283e-06
0.001 31 24 20.2156 197.072 198.106 144.721 -2.72261e-06
0.001 31 30 17.6303 180.998 181.855 132.903 -1.92141e-06
0.001 31 37 15.2689 79.1835 80.6422 -51.1763 3.32884e-06
0.001 31 46 13.2175 156.659 157.216 114.834 -1.48389e-06
0.001 31 57 10.8513 39.8343 41.2858 -24.9124 1.22008e-06
0.001 31 71 8.33253 28.7502 29.9334 -17.1587 5.95145e-07
0.001 35 5 71.4376 256.677 266.433 -180.726 0.000186904
0.001 35 6 55.9059 351.042 355.465 263.637 -1.93704e-05
0.001 35 7 53.6526 253.543 259.158 -181.701 8.89094e-05
0.001 35 9 42.5906 218.551 222.662 -147.601 5.25783e-05
0.001 35 11 33.5573 211.224 213.873 -143.475 3.44766e-05
0.001 35 13 31.2448 195.125 197.61 -134.237 2.43573e-05
0.001 35 16 26.516 229.79 231.315 169.518 -3.59976e-06
0.001 35 20 22.2021 212.772 213.927 156.52 -2.85283e-06
0.001 35 24 20.2156 197.072 198.106 144.721 -2.72261e-06
0.001 35 30 17.6303 180.998 181.855 132.903 -1.92141e-06
0.001 35 37 15.2689 79.1835 80.6422 -51.1763 3.32884e-06
0.001 35 46 13.2175 156.659 157.216 114.834 -1.48389e-06
0.001 35 57 10.8513 39.8343 41.2858 -24.9124 1.22008e-06
0.001 35 71 8.33253 28.7502 29.9334 -17.1587 5.95145e-07
0.01 7 5 7.25127 31.4362 32.2616 -24.6066 0.00186639
0.01 7 6 6.35336 26.6546 27.4013 19.5409 -0.000195318
0.01 7 7 6.14887 25.7313 26.4558 -18.7413 0.000886743
0.01 7 9 5.10343 22.4661 23.0384 -16.4718 0.000523349
0.01 7 11 4.03346 19.1797 19.5993 -14.0461 0.000341961
0.01 7 13 3.67394 14.8974 15.3437 -10.5538 0.000239992
0.01 7 16 3.35513 14.288 14.6766 10.0657 -3.86823e-05
0.01 7 20 3.04405 12.2723 12.6442 8.50128 -3.26578e-05
0.01 7 24 2.85585 10.2358 10.6267 6.93195 -2.83811e-05
0.01 7 30 2.75595 8.19325 8.64434 5.46065 -5.61429e-06
0.01 7 37 2.66194 7.24486 7.71842 4.87861 1.79283e-05
0.01 7 46 2.59334 7.50814 7.9434 4.98576 1.61039e-05
0.01 7 57 2.55764 7.51616 7.9394 4.98371 1.61963e-05
0.01 7 71 2.53195 7.52785 7.94224 4.98446 1.619e-05
0.01 7 5 7.25127 31.4362 32.2616 -24.6066 0.00186639
0.01 7 6 6.35336 26.6546 27.4013 19.5409 -0.000195318
0.01 7 7 6.14887 25.7313 26.4558 -18.7413 0.000886743
0.01 7 9 5.10343 22.4661 23.0384 -16.4718 0.000523349
0.01 7 11 4.03346 19.1797 19.5993 -14.0461 0.000341961
0.01 7 13 3.67394 14.8974 15.3437 -10.5538 0.000239992
0.01 7 16 3.35513 14.288 14.6766 10.0657 -3.86823e-05
0.01 7 20 3.04405 12.2723 12.6442 8.50128 -3.26578e-05
0.01 7 24 2.85585 10.2358 10.6267 6.93195 -2.83811e-05
0.01 7 30 2.75595 8.19325 8.64434 5.46065 -5.61429e-06
0.01 7 37 2.66194 7.24486 7.71842 4.87861 1.79283e-05
0.01 7 46 2.59334 7.50814 7.9434 4.98576 1.61039e-05
0.01 7 57 2.55764 7.51616 7.9394 4.98371 1.61963e-05
0.01 7 71 2.53195 7.52785 7.94224 4.98446 1.619e-05
0.01 9 5 7.21312 31.4401 32.2569 -24.6038 0.00186696
0.01 9 6 6.30939 26.6652 27.4015 19.541 -0.000195449
0.01 9 7 6.09222 25.7155 26.4273 -18.7086 0.000887103
0.01 9 9 5.0197 22.5306 23.083 -16.5198 0.000523864
0.01 9 11 3.90454 19.5245 19.9111 -14.3296 0.000342913
0.01 9 13 3.50386 16.21 16.5844 -11.6038 0.000241773
0.01 9 16 3.11727 14.3886 14.7224 10.1482 -3.69838e-05
0.01 9 20 2.71819 12.6687 12.957 8.85151 -2.92587e-05
0.01 9 24 2.47319 11.0997 11.3719 7.67183 -2.77484e-05
0.01 9 30 2.34828 9.37462 9.66426 6.42936 -2.02767e-05
0.01 9 37 2.2279 2.22137 3.14612 -0.582969 2.76056e-05
0.01 9 46 2.11909 6.02619 6.38792 3.94901 -1.07607e-05
0.01 9 57 2.07034 5.00528 5.41656 3.2969 3.85975e-06
0.01 9 71 2.03128 5.20835 5.59044 3.3881 2.96567e-06
0.01 9 5 7.21312 31.4401 32.2569 -24.6038 0.00186696
0.01 9 6 6.30939 26.6652 27.4015 19.541 -0.000195449
0.01 9 7 6.09222 25.7155 26.4273 -18.7086 0.000887103
0.01 9 9 5.0197 22.5306 23.083 -16.5198 0.000523864
0.01 9 11 3.90454 19.5245 19.9111 -14.3296 0.000342913
0.01 9 13 3.50386 16.21 16.5844 -11.6038 0.000241773
0.01 9 16 3.11727 14.3886 14.7224 10.1482 -3.69838e-05
0.01 9 20 2.71819 12.6687 12.957 8.85151 -2.92587e-05
0.01 9 24 2.47319 11.0997 11.3719 7.67183 -2.77484e-05
0.01 9 30 2.34828 9.37462 9.66426 6.42936 -2.02767e-05
0.01 9 37 2.2279 2.22137 3.14612 -0.582969 2.76056e-05
0.01 9 46 2.11909 6.02619 6.38792 3.94901 -1.07607e-05
0.01 9 57 2.07034 5.00528 5.41656 3.2969 3.85975e-06
0.01 9 71 2.03128 5.20835 5.59044 3.3881 2.96567e-06
0.01 11 5 7.19953 31.4461 32.2597 -24.6031 0.00186697
0.01 11 6 6.29384 26.6688 27.4014 19.5409 -0.000195448
0.01 11 7 6.07138 25.7179 26.4248 -18.7088 0.000887111
0.01 11 9 4.98811 22.5359 23.0813 -16.52 0.000523878
0.01 11 11 3.85494 19.533 19.9097 -14.3291 0.000342943
0.01 11 13 3.43755 16.2222 16.5825 -11.5995 0.000241833
0.01 11 16 3.02725 14.4083 14.7228 10.15 -3.70144e-05
0.01 11 20 2.57649 12.6977 12.9565 8.85694 -2.93398e-05
0.01 11 24 2.27154 11.1435 11.3727 7.68789 -2.77484e-05
0.01 11 30 2.07509 9.50295 9.72687 6.51926 -1.94769e-05
0.01 11 37 1.90315 5.87862 6.17901 -3.85059 3.18384e-05
0.01 11 46 1.77013 7.01272 7.23267 4.70051 -1.46463e-05
0.01 11 57 1.70055 1.61523 2.34538 -0.347102 9.12061e-06
0.01 11 71 1.64234 2.96485 3.38934 1.86919 9.97043e-07
0.01 13 5 7.19831 31.4463 32.2597 -24.6028 0.00186697
0.01 13 6 6.29245 26.6692 27.4014 19.5409 -0.000195448
0.01 13 7 6.06912 25.7183 26.4247 -18.7087 0.000887111
0.01 13 9 4.98407 22.5365 23.081 -16.5199 0.000523879
0.01 13 11 3.84755 19.5339 19.9092 -14.3291 0.000342943
0.01 13 13 3.42621 16.2231 16.5809 -11.5997 0.000241833
0.01 13 16 3.01006 14.4119 14.7229 10.1501 -3.70142e-05
0.01 13 20 2.54291 12.7047 12.9567 8.85724 -2.9339e-05
0.01 13 24 2.21285 11.1563 11.3736 7.68917 -2.77493e-05
0.01 13 30 1.96708 9.52952 9.73042 6.52476 -1.95013e-05
0.01 13 37 1.71786 5.90324 6.14811 -3.86702 3.21868e-05
0.01 13 46 1.51302 7.11846 7.27748 4.76109 -1.44399e-05
0.01 13 57 1.41099 2.7576 3.09762 -1.70252 1.1215e-05
0.01 13 71 1.3304 1.73151 2.18359 -0.854315 4.74537e-06
0.01 13 5 7.19831 31.4463 32.2597 -24.6028 0.00186697
0.01 13 6 6.29245 26.6692 27.4014 19.5409 -0.000195448
0.01 13 7 6.06912 25.7183 26.4247 -18.7087 0.000887111
0.01 13 9 4.98407 22.5365 23.081 -16.5199 0.000523879
0.01 13 11 3.84755 19.5339 19.9092 -14.3291 0.000342943
0.01 13 13 3.42621 16.2231 16.5809 -11.5997 0.000241833
0.01 13 16 3.01006 14.4119 14.7229 10.1501 -3.70142e-05
0.01 13 20 2.54291 12.7047 12.9567 8.85724 -2.9339e-05
0.01 13 24 2.21285 11.1563 11.3736 7.68917 -2.77493e-05
0.01 13 30 1.96708 9.52952 9.73042 6.52476 -1.95013e-05
0.01 13 37 1.71786 5.90324 6.14811 -3.86702 3.21868e-05
0.01 13 46 1.51302 7.11846 7.27748 4.76109 -1.44399e-05
0.01 13 57 1.41099 2.7576 3.09762 -1.70252 1.1215e-05
0.01 13 71 1.3304 1.73151 2.18359 -0.854315 4.74537e-06
0.01 15 5 7.19759 31.4464 32.2596 -24.6027 0.00186697
0.01 15 6 6.29162 26.6694 27.4014 19.5409 -0.000195448
0.01 15 7 6.06822 25.7184 26.4246 -18.7086 0.000887111
0.01 15 9 4.98296 22.5366 23.0809 -16.5198 0.000523879
0.01 15 11 3.84611 19.534 19.9091 -14.3291 0.000342943
0.01 15 13 3.42457 16.2233 16.5808 -11.5997 0.000241833
0.01 15 16 3.00809 14.4123 14.7229 10.1501 -3.70142e-05
0.01 15 20 2.53972 12.7053 12.9567 8.85724 -2.9339e-05
0.01 15 24 2.20656 11.1575 11.3736 7.68919 -2.77493e-05
0.01 15 30 1.94988 9.53321 9.73058 6.52497 -1.95011e-05
0.01 15 37 1.66588 5.90823 6.13859 -3.87611 3.2212e-05
0.01 15 46 1.39369 7.14985 7.28441 4.76881 -1.44528e-05
0.01 15 57 1.17608 2.70774 2.95212 -1.72028 1.15011e-05
0.01 15 71 1.01153 1.70499 1.98247 -1.00593 5.3971e-06
0.01 17 5 7.19722 31.4467 32.2598 -24.6027 0.00186697
0.01 17 6 6.2912 26.6695 27.4014 19.5409 -0.000195448
0.01 17 7 6.06765 25.7186 26.4247 -18.7086 0.000887111
0.01 17 9 4.9821 22.5369 23.081 -16.5198 0.000523879
0.01 17 11 3.84479 19.5344 19.9092 -14.3291 0.000342943
0.01 17 13 3.42286 16.2237 16.5809 -11.5997 0.000241833
0.01 17 16 3.0059 14.4127 14.7229 10.1501 -3.70142e-05
0.01 17 20 2.53664 12.7059 12.9567 8.85724 -2.9339e-05
0.01 17 24 2.20267 11.1583 11.3736 7.68919 -2.77493e-05
0.01 17 30 1.94529 9.53415 9.73058 6.52497 -1.95011e-05
0.01 17 37 1.66006 5.91029 6.139 -3.87644 3.22128e-05
0.01 17 46 1.38172 7.15246 7.2847 4.76923 -1.44527e-05
0.01 17 57 1.13041 2.72996 2.95475 -1.73186 1.15327e-05
0.01 17 71 0.87464 1.7287 1.93737 -1.0385 5.52348e-06
0.01 21 5 7.19657 31.447 32.26 -24.6026 0.00186697
0.01 21 6 6.29045 26.6696 27.4014 19.5409 -0.000195448
0.01 21 7 6.06678 25.7189 26.4248 -18.7085 0.000887111
0.01 21 9 4.98093 22.5373 23.0811 -16.5198 0.000523879
0.01 21 11 3.84318 19.5348 19.9092 -14.3291 0.000342943
0.01 21 13 3.42096 16.2242 16.581 -11.5997 0.000241833
0.01 21 16 3.00365 14.4132 14.7229 10.1501 -3.70142e-05
0.01 21 20 2.53384 12.7065 12.9567 8.85724 -2.9339e-05
0.01 21 24 2.19935 11.159 11.3736 7.68919 -2.77493e-05
0.01 21 30 1.94144 9.53493 9.73058 6.52497 -1.95011e-05
0.01 21 37 1.65542 5.9115 6.13892 -3.87645 3.22128e-05
0.01 21 46 1.37568 7.15364 7.28471 4.76925 -1.44528e-05
0.01 21 57 1.11882 2.73426 2.9543 -1.7326 1.15346e-05
0.01 21 71 0.832631 1.73457 1.92406 -1.04327 5.53717e-06
0.01 23 5 7.19655 31.447 32.26 -24.6026 0.00186697
0.01 23 6 6.29044 26.6696 27.4014 19.5409 -0.000195448
0.01 23 7 6.06676 25.719 26.4248 -18.7085 0.000887111
0.01 23 9 4.98091 22.5373 23.0811 -16.5198 0.000523879
0.01 23 11 3.84315 19.5348 19.9092 -14.3291 0.000342943
0.01 23 13 3.42093 16.2242 16.581 -11.5997 0.000241833
0.01 23 16 3.00361 14.4132 14.7229 10.1501 -3.70142e-05
0.01 23 20 2.5338 12.7065 12.9567 8.85724 -2.9339e-05
0.01 23 24 2.1993 11.159 11.3736 7.68919 -2.77493e-05
0.01 23 30 1.94139 9.53494 9.73058 6.52497 -1.95011e-05
0.01 23 37 1.65535 5.91153 6.13892 -3.87645 3.22128e-05
0.01 23 46 1.3756 7.15365 7.28471 4.76925 -1.44528e-05
0.01 23 57 1.11872 2.73431 2.95431 -1.7326 1.15346e-05
0.01 23 71 0.83233 1.73464 1.924 -1.04329 5.5372e-06
0.01 27 5 7.19655 31.4471 32.26 -24.6026 0.00186697
0.01 27 6 6.29044 26.6696 27.4014 19.5409 -0.000195448
0.01 27 7 6.06676 25.719 26.4248 -18.7085 0.000887111
0.01 27 9 4.98091 22.5373 23.0811 -16.5198 0.000523879
0.01 27 11 3.84315 19.5348 19.9093 -14.3291 0.000342943
0.01 27 13 3.42093 16.2242 16.581 -11.5996 0.000241833
0.01 27 16 3.00361 14.4132 14.7229 10.1501 -3.70142e-05
0.01 27 20 2.5338 12.7065 12.9567 8.85724 -2.9339e-05
0.01 27 24 2.1993 11.159 11.3736 7.68919 -2.77493e-05
0.01 27 30 1.94138 9.53494 9.73058 6.52497 -1.95011e-05
0.01 27 37 1.65535 5.91153 6.13892 -3.87645 3.22128e-05
0.01 27 46 1.3756 7.15365 7.28471 4.76925 -1.44528e-05
0.01 27 57 1.11871 2.73431 2.95431 -1.7326 1.15346e-05
0.01 27 71 0.832318 1.73465 1.924 -1.04329 5.5372e-06
0.01 31 5 7.19655 31.4471 32.26 -24.6026 0.00186697
0.01 31 6 6.29044 26.6696 27.4014 19.5409 -0.000195448
0.01 31 7 6.06676 25.719 26.4248 -18.7085 0.000887111
0.01 31 9 4.98091 22.5373 23.0811 -16.5198 0.000523879
0.01 31 11 3.84315 19.5348 19.9093 -14.3291 0.000342943
0.01 31 13 3.42093 16.2242 16.581 -11.5996 0.000241833
0.01 31 16 3.00361 14.4132 14.7229 10.1501 -3.70142e-05
0.01 31 20 2.5338 12.7065 12.9567 8.85724 -2.9339e-05
0.01 31 24 2.1993 11.159 11.3736 7.68919 -2.77493e-05
0.01 31 30 1.94138 9.53494 9.73058 6.52497 -1.95011e-05
0.01 31 37 1.65535 5.91153 6.13892 -3.87645 3.22128e-05
0.01 31 46 1.3756 7.15365 7.28471 4.76925 -1.44528e-05
0.01 31 57 1.11871 2.73431 2.95431 -1.7326 1.15346e-05
0.01 31 71 0.832318 1.73465 1.924 -1.04329 5.5372e-06
0.01 35 5 7.19655 31.4471 32.26 -24.6026 0.00186697
0.01 35 6 6.29044 26.6696 27.4014 19.5409 -0.000195448
0.01 35 7 6.06676 25.719 26.4248 -18.7085 0.000887111
0.01 35 9 4.98091 22.5373 23.0811 -16.5198 0.000523879
0.01 35 11 3.84315 19.5348 19.9093 -14.3291 0.000342943
0.01 35 13 3.42093 16.2242 16.581 -11.5996 0.000241833
0.01 35 16 3.00361 14.4132 14.7229 10.1501 -3.70142e-05
0.01 35 20 2.5338 12.7065 12.9567 8.85724 -2.9339e-05
0.01 35 24 2.1993 11.159 11.3736 7.68919 -2.77493e-05
0.01 35 30 1.94138 9.53494 9.73058 6.52497 -1.95011e-05
0.01 35 37 1.65535 5.91153 6.13892 -3.87645 3.22128e-05
0.01 35 46 1.3756 7.15365 7.28471 4.76925 -1.44528e-05
0.01 35 57 1.11871 2.73431 2.95431 -1.7326 1.15346e-05
0.01 35 71 0.832318 1.73465 1.924 -1.04329 5.5372e-06
0.1 7 5 0.677731 2.30152 2.39923 -1.76142 0.0175726
0.1 7 6 0.603367 1.32616 1.45697 0.962959 -0.00272099
0.1 7 7 0.543873 1.4178 1.51854 -1.063 0.00786595
0.1 7 9 0.441061 1.02981 1.12029 -0.740546 0.00430891
0.1 7 5 0.677731 2.30152 2.39923 -1.76142 0.0175726
0.1 7 6 0.603367 1.32616 1.45697 0.962959 -0.00272099
0.1 7 7 0.543873 1.4178 1.51854 -1.063 0.00786595
0.1 7 9 0.441061 1.02981 1.12029 -0.740546 0.00430891
0.1 9 5 0.677637 2.30235 2.4 -1.76135 0.0175782
0.1 9 6 0.60321 1.32621 1.45694 0.962958 -0.0027223
0.1 9 7 0.543591 1.41766 1.5183 -1.06285 0.00786953
0.1 9 9 0.439976 1.02983 1.11988 -0.740703 0.00431406
0.1 9 5 0.677637 2.30235 2.4 -1.76135 0.0175782
0.1 9 6 0.60321 1.32621 1.45694 0.962958 -0.0027223
0.1 9 7 0.543591 1.41766 1.5183 -1.06285 0.00786953
0.1 9 9 0.439976 1.02983 1.11988 -0.740703 0.00431406
0.1 7 5 0.677731 2.30152 2.39923 -1.76142 0.0175726
0.1 7 6 0.603367 1.32616 1.45697 0.962959 -0.00272099
0.1 7 7 0.543873 1.4178 1.51854 -1.063 0.00786595
0.1 7 9 0.441061 1.02981 1.12029 -0.740546 0.00430891
0.1 7 11 0.327572 0.716823 0.788124 -0.4699 0.00257436
0.1 7 13 0.264702 0.56007 0.619472 -0.344328 0.00163408
0.1 7 16 0.209955 0.340337 0.399888 0.193698 -0.000550273
0.1 7 20 0.185005 0.209248 0.279306 0.10271 -0.000342015
0.1 7 24 0.175795 0.128578 0.217798 0.0426692 -0.000175234
0.1 7 30 0.17294 0.0986863 0.199116 0.0094152 -2.71194e-05
0.1 7 37 0.171762 0.0997632 0.198632 0.00376294 1.16308e-05
0.1 7 46 0.171389 0.100913 0.198891 0.00412624 9.8567e-06
0.1 7 57 0.171359 0.100953 0.198885 0.00414397 9.87607e-06
0.1 7 71 0.171348 0.100964 0.198881 0.00415423 9.87593e-06
0.1 7 5 0.677731 2.30152 2.39923 -1.76142 0.0175726
0.1 7 6 0.603367 1.32616 1.45697 0.962959 -0.00272099
0.1 7 7 0.543873 1.4178 1.51854 -1.063 0.00786595
0.1 7 9 0.441061 1.02981 1.12029 -0.740546 0.00430891
0.1 7 11 0.327572 0.716823 0.788124 -0.4699 0.00257436
0.1 7 13 0.264702 0.56007 0.619472 -0.344328 0.00163408
0.1 7 16 0.209955 0.340337 0.399888 0.193698 -0.000550273
0.1 7 20 0.185005 0.209248 0.279306 0.10271 -0.000342015
0.1 7 24 0.175795 0.128578 0.217798 0.0426692 -0.000175234
0.1 7 30 0.17294 0.0986863 0.199116 0.0094152 -2.71194e-05
0.1 7 37 0.171762 0.0997632 0.198632 0.00376294 1.16308e-05
0.1 7 46 0.171389 0.100913 0.198891 0.00412624 9.8567e-06
0.1 7 57 0.171359 0.100953 0.198885 0.00414397 9.87607e-06
0.1 7 71 0.171348 0.100964 0.198881 0.00415423 9.87593e-06
0.1 9 5 0.677637 2.30235 2.4 -1.76135 0.0175782
0.1 9 6 0.60321 1.32621 1.45694 0.962958 -0.0027223
0.1 9 7 0.543591 1.41766 1.5183 -1.06285 0.00786953
0.1 9 9 0.439976 1.02983 1.11988 -0.740703 0.00431406
0.1 9 11 0.323907 0.716973 0.786743 -0.470595 0.00258387
0.1 9 13 0.255658 0.564056 0.61929 -0.347474 0.00165162
0.1 9 16 0.186325 0.34927 0.395862 0.200148 -0.000546038
0.1 9 20 0.135988 0.231531 0.268514 0.121411 -0.000353649
0.1 9 24 0.104469 0.150991 0.183608 0.0696179 -0.000224217
0.1 9 30 0.0875203 0.0836967 0.121099 0.0298641 -0.000101072
0.1 9 37 0.0837904 0.0516737 0.0984429 -0.00956277 3.48859e-05
0.1 9 46 0.0828277 0.0436222 0.0936126 0.000871314 -4.65752e-06
0.1 9 57 0.0825952 0.0440986 0.0936304 -5.30004e-05 5.97448e-08
0.1 9 71 0.0825671 0.0441604 0.0936348 -1.96431e-05 -4.4584e-08
0.1 9 5 0.677637 2.30235 2.4 -1.76135 0.0175782
0.1 9 6 0.60321 1.32621 1.45694 0.962958 -0.0027223
0.1 9 7 0.543591 1.41766 1.5183 -1.06285 0.00786953
0.1 9 9 0.439976 1.02983 1.11988 -0.740703 0.00431406
0.1 9 11 0.323907 0.716973 0.786743 -0.470595 0.00258387
0.1 9 13 0.255658 0.564056 0.61929 -0.347474 0.00165162
0.1 9 16 0.186325 0.34927 0.395862 0.200148 -0.000546038
0.1 9 20 0.135988 0.231531 0.268514 0.121411 -0.000353649
0.1 9 24 0.104469 0.150991 0.183608 0.0696179 -0.000224217
0.1 9 30 0.0875203 0.0836967 0.121099 0.0298641 -0.000101072
0.1 9 37 0.0837904 0.0516737 0.0984429 -0.00956277 3.48859e-05
0.1 9 46 0.0828277 0.0436222 0.0936126 0.000871314 -4.65752e-06
0.1 9 57 0.0825952 0.0440986 0.0936304 -5.30004e-05 5.97448e-08
0.1 9 71 0.0825671 0.0441604 0.0936348 -1.96431e-05 -4.4584e-08
0.1 11 5 0.677634 2.30245 2.4001 -1.76129 0.0175783
0.1 11 6 0.603206 1.32621 1.45694 0.962956 -0.0027223
0.1 11 7 0.543586 1.4177 1.51834 -1.06282 0.0078696
0.1 11 9 0.439965 1.02986 1.1199 -0.740695 0.0043142
0.1 11 11 0.323854 0.717078 0.786818 -0.470654 0.00258417
0.1 11 13 0.255451 0.564306 0.619432 -0.347631 0.00165219
0.1 11 16 0.185319 0.349469 0.395565 0.200299 -0.000546417
0.1 11 20 0.131741 0.232304 0.26706 0.121897 -0.000354731
0.1 11 24 0.0929589 0.153116 0.179125 0.0709552 -0.00022647
0.1 11 30 0.060925 0.0876924 0.106779 0.0335397 -0.000107571
0.1 11 37 0.0450295 0.0495637 0.0669643 -0.0146963 5.08941e-05
0.1 11 46 0.0399437 0.0253181 0.0472917 0.00408956 -1.46123e-05
0.1 11 57 0.0393566 0.0198584 0.0440829 -0.000628808 2.37007e-06
0.1 11 71 0.0392318 0.0196598 0.0438821 -1.53829e-05 3.97353e-08
0.1 13 5 0.677633 2.30249 2.40013 -1.76126 0.0175783
0.1 13 6 0.603204 1.32621 1.45694 0.962956 -0.0027223
0.1 13 7 0.543585 1.41772 1.51836 -1.06281 0.0078696
0.1 13 9 0.439963 1.02987 1.11991 -0.740686 0.0043142
0.1 13 11 0.32385 0.717081 0.786819 -0.470648 0.00258417
0.1 13 13 0.255444 0.564309 0.619432 -0.347628 0.0016522
0.1 13 16 0.185291 0.349474 0.395556 0.200303 -0.000546418
0.1 13 20 0.131576 0.232336 0.267006 0.121918 -0.000354753
0.1 13 24 0.0922638 0.153229 0.178862 0.0710263 -0.000226588
0.1 13 30 0.0577095 0.0880691 0.105293 0.0337822 -0.000108102
0.1 13 37 0.0355256 0.0499323 0.0612805 -0.0153872 5.2693e-05
0.1 13 46 0.022142 0.0233237 0.03216 0.00498901 -1.70355e-05
0.1 13 57 0.0182282 0.0116087 0.0216108 -0.00129135 4.48336e-06
0.1 13 71 0.0177661 0.00837738 0.0196421 -0.000159037 5.6849e-07
0.1 13 5 0.677633 2.30249 2.40013 -1.76126 0.0175783
0.1 13 6 0.603204 1.32621 1.45694 0.962956 -0.0027223
0.1 13 7 0.543585 1.41772 1.51836 -1.06281 0.0078696
0.1 13 9 0.439963 1.02987 1.11991 -0.740686 0.0043142
0.1 13 11 0.32385 0.717081 0.786819 -0.470648 0.00258417
0.1 13 13 0.255444 0.564309 0.619432 -0.347628 0.0016522
0.1 13 16 0.185291 0.349474 0.395556 0.200303 -0.000546418
0.1 13 20 0.131576 0.232336 0.267006 0.121918 -0.000354753
0.1 13 24 0.0922638 0.153229 0.178862 0.0710263 -0.000226588
0.1 13 30 0.0577095 0.0880691 0.105293 0.0337822 -0.000108102
0.1 13 37 0.0355256 0.0499323 0.0612805 -0.0153872 5.2693e-05
0.1 13 46 0.022142 0.0233237 0.03216 0.00498901 -1.70355e-05
0.1 13 57 0.0182282 0.0116087 0.0216108 -0.00129135 4.48336e-06
0.1 13 71 0.0177661 0.00837738 0.0196421 -0.000159037 5.6849e-07
0.1 15 5 0.677633 2.3025 2.40015 -1.76125 0.0175783
0.1 15 6 0.603204 1.32621 1.45694 0.962956 -0.0027223
0.1 15 7 0.543584 1.41773 1.51836 -1.0628 0.0078696
0.1 15 9 0.439963 1.02988 1.11992 -0.740682 0.0043142
0.1 15 11 0.323849 0.717085 0.786822 -0.470646 0.00258417
0.1 15 13 0.255443 0.564312 0.619435 -0.347626 0.0016522
0.1 15 16 0.185289 0.349474 0.395556 0.200303 -0.000546418
0.1 15 20 0.131572 0.232337 0.267005 0.121919 -0.000354754
0.1 15 24 0.0922461 0.153232 0.178856 0.0710282 -0.00022659
0.1 15 30 0.0575647 0.08809 0.105231 0.0337928 -0.00010812
0.1 15 37 0.0346952 0.049992 0.0608519 -0.0154402 5.28263e-05
0.1 15 46 0.018664 0.023383 0.0299184 0.00510322 -1.73254e-05
0.1 15 57 0.0105025 0.0104918 0.0148452 -0.0014617 4.97324e-06
0.1 15 71 0.00803505 0.00466009 0.00928862 -0.000268644 9.14855e-07
0.1 17 5 0.677633 2.30251 2.40016 -1.76124 0.0175783
0.1 17 6 0.603204 1.32621 1.45694 0.962956 -0.0027223
0.1 17 7 0.543584 1.41773 1.51837 -1.0628 0.0078696
0.1 17 9 0.439962 1.02988 1.11992 -0.740679 0.0043142
0.1 17 11 0.323849 0.717087 0.786824 -0.470644 0.00258417
0.1 17 13 0.255443 0.564313 0.619436 -0.347624 0.0016522
0.1 17 16 0.185289 0.349475 0.395556 0.200303 -0.000546418
0.1 17 20 0.131571 0.232337 0.267005 0.121919 -0.000354754
0.1 17 24 0.0922446 0.153232 0.178855 0.0710284 -0.00022659
0.1 17 30 0.0575586 0.0880904 0.105228 0.0337932 -0.000108121
0.1 17 37 0.034654 0.0499931 0.0608294 -0.0154421 5.28313e-05
0.1 17 46 0.0183672 0.0233944 0.0297431 0.00511148 -1.73442e-05
0.1 17 57 0.00907527 0.0104047 0.0138065 -0.00148444 5.03547e-06
0.1 17 71 0.00446646 0.00393611 0.00595334 -0.000297825 1.00185e-06
0.1 21 5 0.677633 2.30252 2.40016 -1.76124 0.0175783
0.1 21 6 0.603204 1.32621 1.45694 0.962956 -0.0027223
0.1 21 7 0.543584 1.41773 1.51837 -1.06279 0.0078696
0.1 21 9 0.439962 1.02988 1.11992 -0.740678 0.0043142
0.1 21 11 0.323849 0.717089 0.786826 -0.470643 0.00258417
0.1 21 13 0.255443 0.564315 0.619437 -0.347623 0.0016522
0.1 21 16 0.185288 0.349475 0.395556 0.200303 -0.000546418
0.1 21 20 0.131571 0.232337 0.267005 0.121919 -0.000354754
0.1 21 24 0.0922439 0.153232 0.178855 0.0710284 -0.00022659
0.1 21 30 0.0575574 0.0880905 0.105227 0.0337933 -0.000108121
0.1 21 37 0.0346514 0.0499934 0.0608281 -0.0154419 5.28314e-05
0.1 21 46 0.0183524 0.0233953 0.0297347 0.00511195 -1.73449e-05
0.1 21 57 0.00895715 0.0104011 0.0137264 -0.00148602 5.03995e-06
0.1 21 71 0.00376612 0.00386765 0.00539837 -0.000302223 1.01455e-06
0.1 23 5 0.677633 2.30252 2.40017 -1.76124 0.0175783
0.1 23 6 0.603204 1.32621 1.45694 0.962956 -0.0027223
0.1 23 7 0.543584 1.41773 1.51837 -1.06279 0.0078696
0.1 23 9 0.439962 1.02988 1.11992 -0.740677 0.0043142
0.1 23 11 0.323849 0.717089 0.786826 -0.470643 0.00258417
0.1 23 13 0.255443 0.564315 0.619438 -0.347623 0.0016522
0.1 23 16 0.185288 0.349475 0.395556 0.200303 -0.000546418
0.1 23 20 0.131571 0.232337 0.267005 0.121919 -0.000354754
0.1 23 24 0.0922437 0.153232 0.178855 0.0710284 -0.00022659
0.1 23 30 0.0575572 0.0880905 0.105227 0.0337933 -0.000108121
0.1 23 37 0.0346511 0.0499934 0.060828 -0.0154419 5.28314e-05
0.1 23 46 0.0183518 0.0233953 0.0297343 0.00511197 -1.73449e-05
0.1 23 57 0.00895572 0.010401 0.0137254 -0.00148599 5.03995e-06
0.1 23 71 0.00376063 0.00386734 0.00539431 -0.000302206 1.01459e-06
0.1 27 5 0.677633 2.30252 2.40017 -1.76123 0.0175783
0.1 27 6 0.603204 1.32621 1.45694 0.962956 -0.0027223
0.1 27 7 0.543584 1.41774 1.51837 -1.06279 0.0078696
0.1 27 9 0.439962 1.02988 1.11992 -0.740677 0.0043142
0.1 27 11 0.323849 0.71709 0.786827 -0.470642 0.00258417
0.1 27 13 0.255443 0.564316 0.619438 -0.347623 0.0016522
0.1 27 16 0.185288 0.349475 0.395556 0.200303 -0.000546418
0.1 27 20 0.131571 0.232337 0.267005 0.121919 -0.000354754
0.1 27 24 0.0922436 0.153232 0.178855 0.0710285 -0.00022659
0.1 27 30 0.057557 0.0880905 0.105227 0.0337933 -0.000108121
0.1 27 37 0.0346508 0.0499935 0.0608279 -0.0154418 5.28314e-05
0.1 27 46 0.0183512 0.0233953 0.0297339 0.005112 -1.73449e-05
0.1 27 57 0.00895449 0.010401 0.0137246 -0.00148596 5.03995e-06
0.1 27 71 0.00375755 0.00386719 0.00539207 -0.000302175 1.01459e-06
0.1 31 5 0.677633 2.30253 2.40017 -1.76123 0.0175783
0.1 31 6 0.603204 1.32621 1.45694 0.962956 -0.0027223
0.1 31 7 0.543584 1.41774 1.51837 -1.06279 0.0078696
0.1 31 9 0.439962 1.02988 1.11992 -0.740676 0.0043142
0.1 31 11 0.323849 0.71709 0.786827 -0.470642 0.00258417
0.1 31 13 0.255443 0.564316 0.619438 -0.347623 0.0016522
0.1 31 16 0.185288 0.349475 0.395556 0.200303 -0.000546418
0.1 31 20 0.131571 0.232337 0.267005 0.121919 -0.000354754
0.1 31 24 0.0922436 0.153232 0.178855 0.0710285 -0.00022659
0.1 31 30 0.0575569 0.0880905 0.105227 0.0337933 -0.000108121
0.1 31 37 0.0346506 0.0499936 0.0608278 -0.0154418 5.28314e-05
0.1 31 46 0.018351 0.0233953 0.0297338 0.005112 -1.73449e-05
0.1 31 57 0.00895403 0.0104011 0.0137243 -0.00148594 5.03995e-06
0.1 31 71 0.00375645 0.00386717 0.00539128 -0.000302162 1.01459e-06
0.1 35 5 0.677633 2.30253 2.40017 -1.76123 0.0175783
0.1 35 6 0.603204 1.32621 1.45694 0.962956 -0.0027223
0.1 35 7 0.543584 1.41774 1.51837 -1.06279 0.0078696
0.1 35 9 0.439962 1.02988 1.11992 -0.740676 0.0043142
0.1 35 11 0.323849 0.71709 0.786827 -0.470642 0.00258417
0.1 35 13 0.255443 0.564316 0.619438 -0.347623 0.0016522
0.1 35 16 0.185288 0.349475 0.395556 0.200303 -0.000546418
0.1 35 20 0.131571 0.232337 0.267005 0.121919 -0.000354754
0.1 35 24 0.0922436 0.153232 0.178855 0.0710285 -0.00022659
0.1 35 30 0.0575569 0.0880905 0.105227 0.0337933 -0.000108121
0.1 35 37 0.0346506 0.0499936 0.0608279 -0.0154418 5.28314e-05
0.1 35 46 0.0183509 0.0233953 0.0297338 0.00511201 -1.73449e-05
0.1 35 57 0.00895384 0.0104011 0.0137242 -0.00148593 5.03995e-06
0.1 35 71 0.00375598 0.00386717 0.00539095 -0.000302155 1.01459e-06
1 7 5 0.0373615 0.02549 0.0452286 0.00607841 0.0450717
1 7 6 0.0265095 0.0137063 0.0298432 -0.0073062 -0.016014
1 7 7 0.0187438 0.00795028 0.0203602 -0.000237816 0.00699367
1 7 9 0.0109427 0.0024912 0.0112227 -0.000777172 0.00101559
1 7 11 0.0083051 0.00125489 0.00839937 -0.000495358 0.000151416
1 7 13 0.00702666 0.000847196 0.00707754 -0.000326435 2.40799e-05
1 7 16 0.00619094 0.000665061 0.00622656 -0.000189228 4.25976e-06
1 7 20 0.00577994 0.00060804 0.00581183 -0.00010913 4.88796e-06
1 7 24 0.00562762 0.000594009 0.00565888 -7.36805e-05 4.89142e-06
1 7 30 0.00554309 0.000588728 0.00557427 -4.98656e-05 4.89143e-06
1 7 37 0.00550978 0.000587379 0.005541 -3.81767e-05 4.89144e-06
1 7 46 0.00549508 0.000586988 0.00552634 -3.17694e-05 4.89144e-06
1 7 57 0.00548901 0.000586883 0.0055203 -2.84683e-05 4.89143e-06
1 7 71 0.00548641 0.000586854 0.0055177 -2.67023e-05 4.89144e-06
1 7 88 0.00548534 0.000586846 0.00551665 -2.58029e-05 4.89144e-06
1 7 110 0.00548488 0.000586844 0.00551619 -2.53172e-05 4.89144e-06
1 7 137 0.0054847 0.000586844 0.005516 -2.50713e-05 4.89144e-06
1 7 171 0.00548462 0.000586844 0.00551593 -2.49432e-05 4.89143e-06
1 7 213 0.00548459 0.000586844 0.00551589 -2.48777e-05 4.89144e-06
1 7 266 0.00548457 0.000586844 0.00551588 -2.48435e-05 4.89143e-06
1 7 332 0.00548457 0.000586844 0.00551587 -2.4826e-05 4.89144e-06
1 7 415 0.00548457 0.000586844 0.00551587 -2.48169e-05 4.89143e-06
1 7 518 0.00548457 0.000586844 0.00551587 -2.48123e-05 4.89143e-06
1 7 648 0.00548456 0.000586844 0.00551587 -2.48099e-05 4.89144e-06
1 7 5 0.0373615 0.02549 0.0452286 0.00607841 0.0450717
1 7 6 0.0265095 0.0137063 0.0298432 -0.0073062 -0.016014
1 7 7 0.0187438 0.00795028 0.0203602 -0.000237816 0.00699367
1 7 9 0.0109427 0.0024912 0.0112227 -0.000777172 0.00101559
1 7 11 0.0083051 0.00125489 0.00839937 -0.000495358 0.000151416
1 7 13 0.00702666 0.000847196 0.00707754 -0.000326435 2.40799e-05
1 7 16 0.00619094 0.000665061 0.00622656 -0.000189228 4.25976e-06
1 7 20 0.00577994 0.00060804 0.00581183 -0.00010913 4.88796e-06
1 7 24 0.00562762 0.000594009 0.00565888 -7.36805e-05 4.89142e-06
1 7 30 0.00554309 0.000588728 0.00557427 -4.98656e-05 4.89143e-06
1 7 37 0.00550978 0.000587379 0.005541 -3.81767e-05 4.89144e-06
1 7 46 0.00549508 0.000586988 0.00552634 -3.17694e-05 4.89144e-06
1 7 57 0.00548901 0.000586883 0.0055203 -2.84683e-05 4.89143e-06
1 7 71 0.00548641 0.000586854 0.0055177 -2.67023e-05 4.89144e-06
1 7 88 0.00548534 0.000586846 0.00551665 -2.58029e-05 4.89144e-06
1 7 110 0.00548488 0.000586844 0.00551619 -2.53172e-05 4.89144e-06
1 7 137 0.0054847 0.000586844 0.005516 -2.50713e-05 4.89144e-06
1 7 171 0.00548462 0.000586844 0.00551593 -2.49432e-05 4.89143e-06
1 7 213 0.00548459 0.000586844 0.00551589 -2.48777e-05 4.89144e-06
1 7 266 0.00548457 0.000586844 0.00551588 -2.48435e-05 4.89143e-06
1 7 332 0.00548457 0.000586844 0.00551587 -2.4826e-05 4.89144e-06
1 7 415 0.00548457 0.000586844 0.00551587 -2.48169e-05 4.89143e-06
1 7 518 0.00548457 0.000586844 0.00551587 -2.48123e-05 4.89143e-06
1 7 648 0.00548456 0.000586844 0.00551587 -2.48099e-05 4.89144e-06
1 9 5 0.0371105 0.0256257 0.0450984 0.00610798 0.0450919
1 9 6 0.0261326 0.0136777 0.0294957 -0.0072988 -0.0160231
1 9 7 0.0181724 0.00806401 0.0198813 -0.000204003 0.00701695
1 9 9 0.00983123 0.00252663 0.0101507 -0.000750042 0.00104129
1 9 11 0.00671496 0.00119715 0.00682084 -0.000471611 0.000166254
1 9 13 0.00502537 0.000675738 0.0050706 -0.000307297 2.7181e-05
1 9 16 0.00376279 0.000403875 0.0037844 -0.000171769 -1.73465e-06
1 9 20 0.00303903 0.000298672 0.00305367 -9.15136e-05 -5.66369e-08
1 9 24 0.00273826 0.000268938 0.00275143 -5.60634e-05 -2.18873e-08
1 9 30 0.00256004 0.000257063 0.00257292 -3.22486e-05 -2.14091e-08
1 9 37 0.00248709 0.000253958 0.00250002 -2.05596e-05 -2.14087e-08
1 9 46 0.00245435 0.000253054 0.00246736 -1.41522e-05 -2.14086e-08
1 9 57 0.00244073 0.00025281 0.00245379 -1.0851e-05 -2.14088e-08
1 9 71 0.00243487 0.000252742 0.00244795 -9.08501e-06 -2.14087e-08
1 9 88 0.00243247 0.000252724 0.00244556 -8.18553e-06 -2.14374e-08
1 9 110 0.00243143 0.000252719 0.00244453 -7.69982e-06 -2.14088e-08
1 9 137 0.00243101 0.000252718 0.00244411 -7.45395e-06 -2.14086e-08
1 9 171 0.00243084 0.000252718 0.00244394 -7.32577e-06 -2.14087e-08
1 9 213 0.00243076 0.000252718 0.00244387 -7.26027e-06 -2.14087e-08
1 9 266 0.00243073 0.000252718 0.00244384 -7.2261e-06 -2.17529e-08
1 9 332 0.00243072 0.000252718 0.00244382 -7.20858e-06 -2.14109e-08
1 9 415 0.00243072 0.000252717 0.00244382 -7.19953e-06 -2.14087e-08
1 9 518 0.00243071 0.000252717 0.00244382 -7.19492e-06 -2.14088e-08
1 9 648 0.00243071 0.000252717 0.00244382 -7.19253e-06 -2.14087e-08
1 9 5 0.0371105 0.0256257 0.0450984 0.00610798 0.0450919
1 9 6 0.0261326 0.0136777 0.0294957 -0.0072988 -0.0160231
1 9 7 0.0181724 0.00806401 0.0198813 -0.000204003 0.00701695
1 9 9 0.00983123 0.00252663 0.0101507 -0.000750042 0.00104129
1 9 11 0.00671496 0.00119715 0.00682084 -0.000471611 0.000166254
1 9 13 0.00502537 0.000675738 0.0050706 -0.000307297 2.7181e-05
1 9 16 0.00376279 0.000403875 0.0037844 -0.000171769 -1.73465e-06
1 9 20 0.00303903 0.000298672 0.00305367 -9.15136e-05 -5.66369e-08
1 9 24 0.00273826 0.000268938 0.00275143 -5.60634e-05 -2.18873e-08
1 9 30 0.00256004 0.000257063 0.00257292 -3.22486e-05 -2.14091e-08
1 9 37 0.00248709 0.000253958 0.00250002 -2.05596e-05 -2.14087e-08
1 9 46 0.00245435 0.000253054 0.00246736 -1.41522e-05 -2.14086e-08
1 9 57 0.00244073 0.00025281 0.00245379 -1.0851e-05 -2.14088e-08
1 9 71 0.00243487 0.000252742 0.00244795 -9.08501e-06 -2.14087e-08
1 9 88 0.00243247 0.000252724 0.00244556 -8.18553e-06 -2.14374e-08
1 9 110 0.00243143 0.000252719 0.00244453 -7.69982e-06 -2.14088e-08
1 9 137 0.00243101 0.000252718 0.00244411 -7.45395e-06 -2.14086e-08
1 9 171 0.00243084 0.000252718 0.00244394 -7.32577e-06 -2.14087e-08
1 9 213 0.00243076 0.000252718 0.00244387 -7.26027e-06 -2.14087e-08
1 9 266 0.00243073 0.000252718 0.00244384 -7.2261e-06 -2.17529e-08
1 9 332 0.00243072 0.000252718 0.00244382 -7.20858e-06 -2.14109e-08
1 9 415 0.00243072 0.000252717 0.00244382 -7.19953e-06 -2.14087e-08
1 9 518 0.00243071 0.000252717 0.00244382 -7.19492e-06 -2.14088e-08
1 9 648 0.00243071 0.000252717 0.00244382 -7.19253e-06 -2.14087e-08
1 11 5 0.0370591 0.0256503 0.0450701 0.00611601 0.0450921
1 11 6 0.0260574 0.0136806 0.0294304 -0.00729518 -0.0160231
1 11 7 0.0180619 0.008062 0.0197795 -0.000199036 0.00701731
1 11 9 0.00961967 0.00251616 0.0099433 -0.000745064 0.00104181
1 11 11 0.00639566 0.00116769 0.00650138 -0.000466941 0.000166866
1 11 13 0.00458664 0.000634924 0.00463038 -0.000302536 2.7684e-05
1 11 16 0.00315073 0.000334055 0.00316839 -0.000167231 -1.8987e-06
1 11 20 0.00223652 0.00019269 0.0022448 -8.69323e-05 -5.57247e-08
1 11 24 0.00180674 0.000142198 0.00181233 -5.14776e-05 -1.4663e-09
1 11 30 0.00152317 0.000118209 0.00152775 -2.76625e-05 5.61173e-11
1 11 37 0.00139708 0.000111295 0.00140151 -1.59734e-05 6.08108e-11
1 11 46 0.00133794 0.000109215 0.00134239 -9.56595e-06 6.08311e-11
1 11 57 0.00131279 0.00010865 0.00131727 -6.26478e-06 6.08623e-11
1 11 71 0.00130185 0.000108491 0.00130636 -4.49874e-06 6.09264e-11
1 11 88 0.00129736 0.000108449 0.00130189 -3.59925e-06 6.08418e-11
1 11 110 0.00129541 0.000108438 0.00129994 -3.11355e-06 6.08776e-11
1 11 137 0.00129462 0.000108435 0.00129916 -2.86767e-06 6.09547e-11
1 11 171 0.00129429 0.000108434 0.00129883 -2.73949e-06 6.09262e-11
1 11 213 0.00129416 0.000108434 0.00129869 -2.67399e-06 6.09122e-11
1 11 266 0.0012941 0.000108434 0.00129864 -2.63982e-06 6.07462e-11
1 11 332 0.00129408 0.000108433 0.00129861 -2.6223e-06 6.08087e-11
1 11 415 0.00129407 0.000108433 0.00129861 -2.61325e-06 6.07125e-11
1 11 518 0.00129407 0.000108433 0.0012986 -2.60863e-06 6.07896e-11
1 11 648 0.00129406 0.000108433 0.0012986 -2.60624e-06 6.09721e-11
1 13 5 0.0370456 0.0256628 0.0450662 0.00611898 0.0450921
1 13 6 0.0260379 0.0136824 0.0294139 -0.00729411 -0.0160231
1 13 7 0.0180334 0.00806647 0.0197552 -0.000197158 0.00701731
1 13 9 0.0095656 0.00251832 0.00989154 -0.000743407 0.00104182
1 13 11 0.00631385 0.00116535 0.00642049 -0.000465389 0.000166874
1 13 13 0.00447177 0.00062939 0.00451585 -0.000301007 2.76939e-05
1 13 16 0.00298096 0.00032179 0.00299828 -0.000165721 -1.90658e-06
1 13 20 0.0019902 0.000170602 0.0019975 -8.54185e-05 -5.81931e-08
1 13 24 0.00149103 0.000110441 0.00149512 -4.99632e-05 -1.86237e-09
1 13 30 0.0011309 7.71318e-05 0.00113353 -2.61479e-05 -1.07993e-11
1 13 37 0.000954313 6.60501e-05 0.000956596 -1.44588e-05 -2.01728e-13
1 13 46 0.000865423 6.24809e-05 0.000867676 -8.05141e-06 -4.9416e-13
1 13 57 0.000826004 6.14874e-05 0.000828289 -4.75023e-06 -2.32592e-13
1 13 71 0.000808513 6.12073e-05 0.000810827 -2.98419e-06 -3.73035e-13
1 13 88 0.000801265 6.1133e-05 0.000803594 -2.0847e-06 -2.26263e-13
1 13 110 0.000798106 6.11122e-05 0.000800442 -1.59899e-06 -2.11053e-13
1 13 137 0.000796823 6.11067e-05 0.000799163 -1.35312e-06 -2.95319e-13
1 13 171 0.000796287 6.11053e-05 0.000798629 -1.22493e-06 -3.06977e-13
1 13 213 0.000796068 6.11049e-05 0.00079841 -1.15944e-06 -3.31291e-13
1 13 266 0.000795976 6.11048e-05 0.000798318 -1.12526e-06 -4.56857e-13
1 13 332 0.000795939 6.11048e-05 0.000798281 -1.10775e-06 -2.53575e-13
1 13 415 0.000795923 6.11048e-05 0.000798265 -1.09869e-06 -2.65898e-13
1 13 518 0.000795917 6.11048e-05 0.000798259 -1.09408e-06 -4.04343e-13
1 13 648 0.000795914 6.11048e-05 0.000798256 -1.09169e-06 -3.27405e-13
1 13 5 0.0370456 0.0256628 0.0450662 0.00611898 0.0450921
1 13 6 0.0260379 0.0136824 0.0294139 -0.00729411 -0.0160231
1 13 7 0.0180334 0.00806647 0.0197552 -0.000197158 0.00701731
1 13 9 0.0095656 0.00251832 0.00989154 -0.000743407 0.00104182
1 13 11 0.00631385 0.00116535 0.00642049 -0.000465389 0.000166874
1 13 13 0.00447177 0.00062939 0.00451585 -0.000301007 2.76939e-05
1 13 16 0.00298096 0.00032179 0.00299828 -0.000165721 -1.90658e-06
1 13 20 0.0019902 0.000170602 0.0019975 -8.54185e-05 -5.81931e-08
1 13 24 0.00149103 0.000110441 0.00149512 -4.99632e-05 -1.86237e-09
1 13 30 0.0011309 7.71318e-05 0.00113353 -2.61479e-05 -1.07993e-11
1 13 37 0.000954313 6.60501e-05 0.000956596 -1.44588e-05 -2.01728e-13
1 13 46 0.000865423 6.24809e-05 0.000867676 -8.05141e-06 -4.9416e-13
1 13 57 0.000826004 6.14874e-05 0.000828289 -4.75023e-06 -2.32592e-13
1 13 71 0.000808513 6.12073e-05 0.000810827 -2.98419e-06 -3.73035e-13
1 13 88 0.000801265 6.1133e-05 0.000803594 -2.0847e-06 -2.26263e-13
1 13 110 0.000798106 6.11122e-05 0.000800442 -1.59899e-06 -2.11053e-13
1 13 137 0.000796823 6.11067e-05 0.000799163 -1.35312e-06 -2.95319e-13
1 13 171 0.000796287 6.11053e-05 0.000798629 -1.22493e-06 -3.06977e-13
1 13 213 0.000796068 6.11049e-05 0.00079841 -1.15944e-06 -3.31291e-13
1 13 266 0.000795976 6.11048e-05 0.000798318 -1.12526e-06 -4.56857e-13
1 13 332 0.000795939 6.11048e-05 0.000798281 -1.10775e-06 -2.53575e-13
1 13 415 0.000795923 6.11048e-05 0.000798265 -1.09869e-06 -2.65898e-13
1 13 518 0.000795917 6.11048e-05 0.000798259 -1.09408e-06 -4.04343e-13
1 13 648 0.000795914 6.11048e-05 0.000798256 -1.09169e-06 -3.27405e-13
1 15 5 0.0370411 0.0256697 0.0450663 0.00612028 0.0450921
1 15 6 0.0260312 0.0136834 0.0294085 -0.00729376 -0.0160231
1 15 7 0.0180236 0.00806954 0.0197476 -0.000196372 0.00701731
1 15 9 0.009547 0.00252046 0.0098741 -0.000742739 0.00104182
1 15 11 0.00628545 0.00116523 0.00639254 -0.000464791 0.000166874
1 15 13 0.0044315 0.000628003 0.00447578 -0.000300423 2.7694e-05
1 15 16 0.00292014 0.000318121 0.00293741 -0.000165151 -1.90673e-06
1 15 20 0.00189786 0.000163433 0.00190488 -8.48467e-05 -5.82889e-08
1 15 24 0.00136533 9.89913e-05 0.00136891 -4.93913e-05 -1.89252e-09
1 15 30 0.0009591 5.95927e-05 0.00096095 -2.5576e-05 -1.38587e-11
1 15 37 0.000742732 4.43234e-05 0.000744054 -1.38869e-05 -1.7325e-12
1 15 46 0.000624416 3.88048e-05 0.00062562 -7.47948e-06 -1.91736e-12
1 15 57 0.000568524 3.7184e-05 0.000569739 -4.1783e-06 -2.93922e-11
1 15 71 0.000542799 3.67188e-05 0.00054404 -2.41226e-06 -2.19358e-12
1 15 88 0.000531943 3.65949e-05 0.0005332 -1.51277e-06 -1.77314e-12
1 15 110 0.000527172 3.65601e-05 0.000528438 -1.02706e-06 -1.72762e-12
1 15 137 0.000525229 3.6551e-05 0.000526499 -7.81189e-07 -1.85052e-12
1 15 171 0.000524415 3.65486e-05 0.000525687 -6.53003e-07 -2.26741e-12
1 15 213 0.000524082 3.6548e-05 0.000525355 -5.87505e-07 -2.29639e-12
1 15 266 0.000523942 3.65478e-05 0.000525216 -5.53332e-07 -1.8161e-12
1 15 332 0.000523885 3.65477e-05 0.000525158 -5.35816e-07 -2.11209e-12
1 15 415 0.000523862 3.65477e-05 0.000525135 -5.26764e-07 -1.92157e-12
1 15 518 0.000523852 3.65477e-05 0.000525125 -5.2215e-07 -2.71594e-12
1 15 648 0.000523848 3.65477e-05 0.000525121 -5.19761e-07 -2.94481e-11
1 17 5 0.0370393 0.0256736 0.0450671 0.00612093 0.0450921
1 17 6 0.0260287 0.013684 0.0294065 -0.00729363 -0.0160231
1 17 7 0.0180198 0.0080716 0.019745 -0.000195995 0.00701731
1 17 9 0.00953966 0.00252217 0.00986745 -0.00074243 0.00104182
1 17 11 0.0062742 0.00116573 0.00638157 -0.000464523 0.000166874
1 17 13 0.00441548 0.000627863 0.00445989 -0.000300166 2.7694e-05
1 17 16 0.00289573 0.000316967 0.00291302 -0.000164906 -1.90673e-06
1 17 20 0.00186006 0.000161012 0.00186702 -8.45999e-05 -5.8289e-08
1 17 24 0.00131229 9.49162e-05 0.00131572 -4.91443e-05 -1.89216e-09
1 17 30 0.000881959 5.25422e-05 0.000883523 -2.5329e-05 -1.24931e-11
1 17 37 0.000640023 3.42632e-05 0.000640939 -1.36399e-05 -3.39173e-13
1 17 46 0.000497869 2.67434e-05 0.000498586 -7.23246e-06 -3.77698e-13
1 17 57 0.000425673 2.4332e-05 0.000426368 -3.93128e-06 -3.03313e-13
1 17 71 0.000390652 2.36151e-05 0.000391365 -2.16523e-06 -3.89355e-13
1 17 88 0.000375421 2.34219e-05 0.000376151 -1.26574e-06 -3.6382e-13
1 17 110 0.00036863 2.33674e-05 0.00036937 -7.80036e-07 -3.59823e-13
1 17 137 0.000365846 2.33533e-05 0.00036659 -5.34161e-07 -4.23106e-13
1 17 171 0.000364677 2.33495e-05 0.000365424 -4.05975e-07 -2.51799e-13
1 17 213 0.000364197 2.33485e-05 0.000364945 -3.40477e-07 -1.2379e-13
1 17 266 0.000363997 2.33482e-05 0.000364745 -3.06304e-07 -2.05502e-13
1 17 332 0.000363915 2.33481e-05 0.000364663 -2.88788e-07 -2.96096e-13
1 17 415 0.00036388 2.33481e-05 0.000364629 -2.79736e-07 -3.86469e-13
1 17 518 0.000363867 2.33481e-05 0.000364615 -2.75122e-07 -4.28546e-13
1 17 648 0.000363861 2.33481e-05 0.000364609 -2.72733e-07 -4.53082e-13
1 21 5 0.0370382 0.0256774 0.0450684 0.00612148 0.0450921
1 21 6 0.026027 0.0136844 0.0294052 -0.00729354 -0.0160231
1 21 7 0.0180174 0.00807391 0.0197437 -0.000195683 0.00701731
1 21 9 0.00953486 0.00252435 0.00986336 -0.000742183 0.00104182
1 21 11 0.0062668 0.00116678 0.0063745 -0.000464317 0.000166874
1 21 13 0.00440491 0.000628302 0.00444949 -0.000299973 2.7694e-05
1 21 16 0.00287953 0.000316467 0.00289687 -0.000164729 -1.90673e-06
1 21 20 0.00183473 0.000159722 0.00184167 -8.44206e-05 -5.82887e-08
1 21 24 0.00127612 9.26515e-05 0.00127948 -4.89646e-05 -1.89189e-09
1 21 30 0.000827187 4.83175e-05 0.000828597 -2.51493e-05 -1.23671e-11
1 21 37 0.000562153 2.73466e-05 0.000562818 -1.34602e-05 -8.88178e-15
1 21 46 0.00039276 1.70023e-05 0.000393127 -7.05274e-06 -4.84057e-14
1 21 57 0.000295947 1.28807e-05 0.000296227 -3.75156e-06 -5.08482e-14
1 21 71 0.000242891 1.1469e-05 0.000243162 -1.98551e-06 -9.4813e-14
1 21 88 0.00021755 1.10658e-05 0.000217831 -1.08602e-06 -3.79696e-14
1 21 110 0.000205609 1.095e-05 0.0002059 -6.00315e-07 -4.81837e-14
1 21 137 0.000200574 1.09197e-05 0.000200871 -3.54439e-07 -7.87148e-14
1 21 171 0.000198434 1.09116e-05 0.000198734 -2.26253e-07 -4.30767e-14
1 21 213 0.000197552 1.09095e-05 0.000197853 -1.60756e-07 -1.1624e-13
1 21 266 0.000197182 1.09089e-05 0.000197483 -1.26583e-07 -5.90639e-14
1 21 332 0.00019703 1.09087e-05 0.000197331 -1.09066e-07 -6.17284e-14
1 21 415 0.000196967 1.09087e-05 0.000197269 -1.00014e-07 -1.9984e-13
1 21 518 0.000196941 1.09087e-05 0.000197243 -9.54003e-08 -8.92619e-14
1 21 648 0.00019693 1.09087e-05 0.000197232 -9.3011e-08 -5.01821e-14
1 23 5 0.037038 0.0256784 0.0450688 0.0061216 0.0450921
1 23 6 0.0260267 0.0136845 0.029405 -0.00729353 -0.0160231
1 23 7 0.018017 0.00807455 0.0197436 -0.000195615 0.00701731
1 23 9 0.00953406 0.00252502 0.00986276 -0.000742131 0.00104182
1 23 11 0.00626556 0.00116718 0.00637334 -0.000464275 0.000166874
1 23 13 0.00440312 0.000628548 0.00444775 -0.000299935 2.7694e-05
1 23 16 0.00287678 0.000316453 0.00289413 -0.000164696 -1.90673e-06
1 23 20 0.0018304 0.000159563 0.00183734 -8.43869e-05 -5.8289e-08
1 23 24 0.00126988 9.23465e-05 0.00127323 -4.89306e-05 -1.8921e-09
1 23 30 0.00081752 4.77207e-05 0.000818912 -2.51152e-05 -1.26669e-11
1 23 37 0.000547829 2.62772e-05 0.000548459 -1.34262e-05 -4.13225e-13
1 23 46 0.000371969 1.52227e-05 0.00037228 -7.01871e-06 -6.83897e-13
1 23 57 0.000267741 1.04195e-05 0.000267944 -3.71753e-06 -5.39457e-13
1 23 71 0.000207598 8.61329e-06 0.000207777 -1.95149e-06 -4.27214e-13
1 23 88 0.000177282 8.06861e-06 0.000177465 -1.052e-06 -2.78999e-13
1 23 110 0.000162406 7.9091e-06 0.000162598 -5.66292e-07 -5.30243e-13
1 23 137 0.000155983 7.86717e-06 0.000156182 -3.20417e-07 -2.91878e-13
1 23 171 0.000153222 7.85587e-06 0.000153423 -1.9223e-07 -2.8566e-13
1 23 213 0.000152077 7.85291e-06 0.00015228 -1.26733e-07 -4.55858e-13
1 23 266 0.000151596 7.85211e-06 0.000151799 -9.256e-08 -7.15428e-13
1 23 332 0.000151398 7.8519e-06 0.000151602 -7.5044e-08 -3.26517e-13
1 23 415 0.000151316 7.85184e-06 0.00015152 -6.59917e-08 -3.72591e-13
1 23 518 0.000151283 7.85183e-06 0.000151487 -6.13778e-08 -3.61933e-13
1 23 648 0.000151269 7.85182e-06 0.000151473 -5.89885e-08 -3.13527e-13
1 27 5 0.0370379 0.0256795 0.0450693 0.00612173 0.0450921
1 27 6 0.0260265 0.0136846 0.0294049 -0.00729351 -0.0160231
1 27 7 0.0180166 0.00807534 0.0197436 -0.000195544 0.00701731
1 27 9 0.00953337 0.00252589 0.00986231 -0.000742077 0.00104182
1 27 11 0.00626448 0.00116776 0.00637239 -0.000464232 0.000166874
1 27 13 0.00440156 0.000628946 0.00444627 -0.000299897 2.7694e-05
1 27 16 0.00287438 0.000316514 0.00289175 -0.000164666 -1.90673e-06
1 27 20 0.00182661 0.000159472 0.00183356 -8.43554e-05 -5.82894e-08
1 27 24 0.00126442 9.21283e-05 0.00126777 -4.88987e-05 -1.89268e-09
1 27 30 0.000809011 4.72759e-05 0.000810391 -2.50832e-05 -1.33215e-11
1 27 37 0.000535048 2.54584e-05 0.000535654 -1.33941e-05 -5.99187e-13
1 27 46 0.000352875 1.3761e-05 0.000353143 -6.98671e-06 -8.98392e-13
1 27 57 0.00024051 8.13628e-06 0.000240648 -3.68552e-06 -1.01896e-12
1 27 71 0.000171046 5.64117e-06 0.000171139 -1.91948e-06 -1.04727e-12
1 27 88 0.000132622 4.76828e-06 0.000132708 -1.01999e-06 -8.09131e-13
1 27 110 0.000111962 4.49308e-06 0.000112052 -5.34284e-07 -6.37934e-13
1 27 137 0.000102423 4.41886e-06 0.000102519 -2.88408e-07 -8.1124e-13
1 27 171 9.81665e-05 4.39872e-06 9.8265e-05 -1.60222e-07 -6.76681e-13
1 27 213 9.63704e-05 4.39341e-06 9.64705e-05 -9.47251e-08 -1.07003e-12
1 27 266 9.56095e-05 4.39199e-06 9.57103e-05 -6.05519e-08 -6.47704e-13
1 27 332 9.52956e-05 4.39161e-06 9.53967e-05 -4.30359e-08 -1.11322e-12
1 27 415 9.51655e-05 4.39151e-06 9.52667e-05 -3.39835e-08 -8.27893e-13
1 27 518 9.51123e-05 4.39149e-06 9.52137e-05 -2.93697e-08 -6.81344e-13
1 27 648 9.50903e-05 4.39148e-06 9.51917e-05 -2.69804e-08 -7.80598e-13
1 31 5 0.0370378 0.02568 0.0450696 0.00612179 0.0450921
1 31 6 0.0260264 0.0136846 0.0294048 -0.00729351 -0.0160231
1 31 7 0.0180165 0.00807576 0.0197436 -0.000195511 0.00701731
1 31 9 0.00953312 0.00252638 0.0098622 -0.000742053 0.00104182
1 31 11 0.00626409 0.00116812 0.00637208 -0.000464214 0.000166874
1 31 13 0.00440101 0.000629223 0.00444576 -0.000299881 2.7694e-05
1 31 16 0.00287352 0.000316588 0.00289091 -0.000164655 -1.90673e-06
1 31 20 0.00182525 0.00015947 0.00183221 -8.4343e-05 -5.82889e-08
1 31 24 0.00126245 9.20743e-05 0.0012658 -4.88861e-05 -1.8921e-09
1 31 30 0.000805932 4.71484e-05 0.00080731 -2.50705e-05 -1.25905e-11
1 31 37 0.000530381 2.52174e-05 0.00053098 -1.33814e-05 -1.77858e-13
1 31 46 0.000345756 1.33096e-05 0.000346013 -6.97398e-06 -1.5532e-13
1 31 57 0.000229939 7.34712e-06 0.000230057 -3.6728e-06 -4.57523e-13
1 31 71 0.000155832 4.42763e-06 0.000155895 -1.90675e-06 -3.12972e-13
1 31 88 0.000112319 3.24309e-06 0.000112365 -1.00726e-06 -2.43583e-13
1 31 110 8.69614e-05 2.82292e-06 8.70072e-05 -5.21555e-07 -2.50022e-13
1 31 137 7.42794e-05 2.70324e-06 7.43285e-05 -2.75679e-07 -2.83329e-13
1 31 171 6.82899e-05 2.67018e-06 6.83421e-05 -1.47493e-07 -2.69562e-13
1 31 213 6.56819e-05 2.66143e-06 6.57358e-05 -8.19955e-08 -1.95954e-13
1 31 266 6.45603e-05 2.65908e-06 6.4615e-05 -4.78223e-08 -1.84297e-13
1 31 332 6.40945e-05 2.65846e-06 6.41496e-05 -3.03062e-08 -2.86771e-13
1 31 415 6.39008e-05 2.65829e-06 6.39561e-05 -2.12539e-08 -3.65596e-13
1 31 518 6.38217e-05 2.65825e-06 6.3877e-05 -1.66401e-08 -3.36731e-13
1 31 648 6.37889e-05 2.65824e-06 6.38442e-05 -1.42508e-08 -3.28293e-13
1 35 5 0.0370378 0.0256803 0.0450697 0.00612182 0.0450921
1 35 6 0.0260264 0.0136847 0.0294048 -0.00729351 -0.0160231
1 35 7 0.0180164 0.008076 0.0197437 -0.000195495 0.00701731
1 35 9 0.00953302 0.00252668 0.00986218 -0.00074204 0.00104182
1 35 11 0.00626394 0.00116835 0.00637197 -0.000464204 0.000166874
1 35 13 0.00440078 0.000629413 0.00444556 -0.000299873 2.7694e-05
1 35 16 0.00287317 0.000316648 0.00289056 -0.00016465 -1.90673e-06
1 35 20 0.0018247 0.000159489 0.00183165 -8.43376e-05 -5.82889e-08
1 35 24 0.00126164 9.20639e-05 0.00126499 -4.88805e-05 -1.89203e-09
1 35 30 0.00080466 4.71068e-05 0.000806038 -2.50648e-05 -1.24697e-11
1 35 37 0.000528446 2.51353e-05 0.000529043 -1.33757e-05 -1.74305e-13
1 35 46 0.000342781 1.3153e-05 0.000343033 -6.96824e-06 -2.6712e-13
1 35 57 0.00022544 7.05933e-06 0.000225551 -3.66706e-06 -3.35509e-13
1 35 71 0.000149113 3.93164e-06 0.000149165 -1.90102e-06 -2.33924e-13
1 35 88 0.000102794 2.52418e-06 0.000102825 -1.00153e-06 -1.2812e-13
1 35 110 7.42523e-05 1.95518e-06 7.42781e-05 -5.15824e-07 -1.94733e-13
1 35 137 5.88944e-05 1.77801e-06 5.89212e-05 -2.69948e-07 -3.11418e-13
1 35 171 5.11336e-05 1.72734e-06 5.11627e-05 -1.41762e-07 -2.52909e-13
1 35 213 4.75945e-05 1.71378e-06 4.76254e-05 -7.62644e-08 -3.10751e-13
1 35 266 4.60343e-05 1.71012e-06 4.60661e-05 -4.20912e-08 -2.16605e-13
1 35 332 4.53787e-05 1.70916e-06 4.54109e-05 -2.45751e-08 -1.96065e-13
1 35 415 4.51048e-05 1.70891e-06 4.51372e-05 -1.55228e-08 -1.91069e-13
1 35 518 4.49926e-05 1.70884e-06 4.50251e-05 -1.0909e-08 -2.53353e-13
1 35 648 4.4946e-05 1.70882e-06 4.49785e-05 -8.51965e-09 -2.69562e-13
1 41 5 0.0370378 0.0256806 0.0450698 0.00612184 0.0450921
1 41 6 0.0260263 0.0136847 0.0294048 -0.00729351 -0.0160231
1 41 7 0.0180164 0.0080762 0.0197438 -0.000195482 0.00701731
1 41 9 0.00953296 0.00252693 0.00986219 -0.000742031 0.00104182
1 41 11 0.00626385 0.00116857 0.00637192 -0.000464198 0.000166874
1 41 13 0.00440065 0.000629595 0.00444546 -0.000299867 2.7694e-05
1 41 16 0.00287296 0.000316707 0.00289037 -0.000164647 -1.90673e-06
1 41 20 0.00182437 0.000159518 0.00183133 -8.43342e-05 -5.8289e-08
1 41 24 0.00126116 9.20691e-05 0.00126452 -4.88769e-05 -1.89851e-09
1 41 30 0.00080391 4.70895e-05 0.000805287 -2.50611e-05 -1.92223e-11
1 41 37 0.000527302 2.50962e-05 0.000527899 -1.3372e-05 -2.47802e-13
1 41 46 0.000341015 1.30768e-05 0.000341265 -6.96454e-06 -5.69322e-13
1 41 57 0.000222746 6.91627e-06 0.000222853 -3.66336e-06 -7.75691e-12
1 41 71 0.000145007 3.66858e-06 0.000145054 -1.89731e-06 -5.7343e-13
1 41 88 9.67419e-05 2.09097e-06 9.67645e-05 -9.97829e-07 -5.5933e-13
1 41 110 6.56186e-05 1.35034e-06 6.56325e-05 -5.12121e-07 -1.93179e-13
1 41 137 4.75494e-05 1.07796e-06 4.75616e-05 -2.66245e-07 -7.14462e-12
1 41 171 3.75104e-05 9.92154e-07 3.75235e-05 -1.38059e-07 -1.79523e-13
1 41 213 3.25212e-05 9.68361e-07 3.25356e-05 -7.25615e-08 -5.77094e-13
1 41 266 3.01918e-05 9.61871e-07 3.02072e-05 -3.83882e-08 -1.76859e-13
1 41 332 2.91825e-05 9.6016e-07 2.91983e-05 -2.08722e-08 -6.53055e-12
1 41 415 2.87547e-05 9.59706e-07 2.87707e-05 -1.18199e-08 -9.07261e-11
1 41 518 2.85784e-05 9.59588e-07 2.85945e-05 -7.20602e-09 -7.32081e-12
1 41 648 2.8505e-05 9.59557e-07 2.85212e-05 -4.8167e-09 -7.71039e-12
1 47 5 0.0370378 0.0256807 0.0450699 0.00612185 0.0450921
1 47 6 0.0260263 0.0136847 0.0294048 -0.00729351 -0.0160231
1 47 7 0.0180164 0.0080763 0.0197438 -0.000195477 0.00701731
1 47 9 0.00953294 0.00252707 0.0098622 -0.000742027 0.00104182
1 47 11 0.00626381 0.00116869 0.00637191 -0.000464195 0.000166874
1 47 13 0.0044006 0.000629703 0.00444543 -0.000299865 2.7694e-05
1 47 16 0.00287289 0.000316741 0.0028903 -0.000164646 -1.90673e-06
1 47 20 0.00182425 0.00015954 0.00183121 -8.43329e-05 -5.829e-08
1 47 24 0.00126099 9.20789e-05 0.00126434 -4.88755e-05 -1.89331e-09
1 47 30 0.000803635 4.70873e-05 0.000805014 -2.50596e-05 -1.36885e-11
1 47 37 0.000526883 2.50855e-05 0.00052748 -1.33705e-05 -1.36557e-12
1 47 46 0.000340367 1.30546e-05 0.000340617 -6.96304e-06 -1.32505e-12
1 47 57 0.000221753 6.87412e-06 0.00022186 -3.66186e-06 -1.25233e-12
1 47 71 0.000143478 3.58848e-06 0.000143523 -1.89582e-06 -1.4645e-12
1 47 88 9.44338e-05 1.94702e-06 9.44539e-05 -9.9633e-07 -2.4712e-11
1 47 110 6.21654e-05 1.11451e-06 6.21754e-05 -5.10621e-07 -1.60738e-12
1 47 137 4.26578e-05 7.62056e-07 4.26646e-05 -2.64745e-07 -1.61393e-12
1 47 171 3.10769e-05 6.349e-07 3.10834e-05 -1.36559e-07 -1.27975e-12
1 47 213 2.48268e-05 5.97035e-07 2.4834e-05 -7.1062e-08 -1.27354e-12
1 47 266 2.16862e-05 5.86451e-07 2.16941e-05 -3.68888e-08 -1.22446e-12
1 47 332 2.02574e-05 5.8364e-07 2.02658e-05 -1.93727e-08 -1.47271e-12
1 47 415 1.96361e-05 5.82893e-07 1.96448e-05 -1.03204e-08 -1.58873e-12
1 47 518 1.9377e-05 5.82699e-07 1.93858e-05 -5.70657e-09 -1.53055e-12
1 47 648 1.92686e-05 5.82647e-07 1.92774e-05 -3.31725e-09 -1.2802e-12
1 55 5 0.0370378 0.0256808 0.0450699 0.00612186 0.0450921
1 55 6 0.0260263 0.0136847 0.0294048 -0.00729351 -0.0160231
1 55 7 0.0180164 0.00807637 0.0197438 -0.000195473 0.00701731
1 55 9 0.00953293 0.00252716 0.00986222 -0.000742025 0.00104182
1 55 11 0.0062638 0.00116877 0.00637191 -0.000464193 0.000166874
1 55 13 0.00440058 0.000629786 0.00444541 -0.000299863 2.7694e-05
1 55 16 0.00287285 0.000316765 0.00289026 -0.000164645 -1.90673e-06
1 55 20 0.00182419 0.00015956 0.00183115 -8.43322e-05 -5.82893e-08
1 55 24 0.0012609 9.20904e-05 0.00126426 -4.88747e-05 -1.89245e-09
1 55 30 0.000803499 4.70897e-05 0.000804877 -2.50588e-05 -1.2898e-11
1 55 37 0.000526675 2.50822e-05 0.000527272 -1.33696e-05 -8.32667e-14
1 55 46 0.000340044 1.30459e-05 0.000340295 -6.96222e-06 -4.26437e-13
1 55 57 0.000221257 6.85724e-06 0.000221364 -3.66104e-06 -4.26548e-13
1 55 71 0.00014271 3.55601e-06 0.000142755 -1.89499e-06 -4.22107e-13
1 55 88 9.32639e-05 1.88651e-06 9.3283e-05 -9.95506e-07 -1.45772e-13
1 55 110 6.03734e-05 1.00508e-06 6.03818e-05 -5.09797e-07 -5.74985e-13
1 55 137 4.00012e-05 5.90572e-07 4.00055e-05 -2.63921e-07 -8.07465e-13
1 55 171 2.73163e-05 4.13695e-07 2.73194e-05 -1.35735e-07 -5.92637e-13
1 55 213 1.99193e-05 3.52841e-07 1.99224e-05 -7.0238e-08 -7.41185e-13
1 55 266 1.58334e-05 3.34621e-07 1.5837e-05 -3.60648e-08 -1.4222e-13
1 55 332 1.38119e-05 3.29669e-07 1.38159e-05 -1.85487e-08 -6.75793e-13
1 55 415 1.28835e-05 3.28346e-07 1.28876e-05 -9.49642e-09 -6.63913e-13
1 55 518 1.2485e-05 3.28e-07 1.24893e-05 -4.88257e-09 -6.67688e-13
1 55 648 1.23161e-05 3.27908e-07 1.23205e-05 -2.49325e-09 -4.41536e-13
1 63 5 0.0370378 0.0256808 0.04507 0.00612186 0.0450921
1 63 6 0.0260263 0.0136847 0.0294048 -0.00729351 -0.0160231
1 63 7 0.0180164 0.00807641 0.0197438 -0.000195471 0.00701731
1 63 9 0.00953293 0.00252721 0.00986223 -0.000742023 0.00104182
1 63 11 0.00626379 0.00116882 0.00637191 -0.000464192 0.000166874
1 63 13 0.00440057 0.000629834 0.00444541 -0.000299862 2.7694e-05
1 63 16 0.00287284 0.000316778 0.00289025 -0.000164645 -1.90673e-06
1 63 20 0.00182417 0.000159571 0.00183113 -8.4332e-05 -5.82888e-08
1 63 24 0.00126087 9.20985e-05 0.00126423 -4.88744e-05 -1.89218e-09
1 63 30 0.000803449 4.70929e-05 0.000804828 -2.50585e-05 -1.25052e-11
1 63 37 0.000526598 2.50823e-05 0.000527195 -1.33693e-05 -1.24678e-13
1 63 46 0.000339925 1.30436e-05 0.000340176 -6.96188e-06 -3.00537e-13
1 63 57 0.000221074 6.85232e-06 0.000221181 -3.6607e-06 -3.29181e-13
1 63 71 0.000142426 3.54648e-06 0.000142471 -1.89465e-06 -1.26232e-13
1 63 88 9.2829e-05 1.86847e-06 9.28478e-05 -9.95169e-07 -2.30371e-13
1 63 110 5.96994e-05 9.708e-07 5.97073e-05 -5.09461e-07 -5.71099e-13
1 63 137 3.89764e-05 5.30135e-07 3.898e-05 -2.63585e-07 -3.39062e-13
1 63 171 2.57924e-05 3.21576e-07 2.57944e-05 -1.35399e-07 -1.04028e-13
1 63 213 1.7772e-05 2.38253e-07 1.77736e-05 -6.99014e-08 -2.24709e-13
1 63 266 1.30294e-05 2.10329e-07 1.30311e-05 -3.57281e-08 -3.02314e-13
1 63 332 1.04804e-05 2.02358e-07 1.04823e-05 -1.82121e-08 -1.02141e-13
1 63 415 9.22234e-06 2.00195e-07 9.22451e-06 -9.15977e-09 -1.59317e-13
1 63 518 8.65699e-06 1.99627e-07 8.65929e-06 -4.54592e-09 -3.39617e-13
1 63 648 8.41158e-06 1.99477e-07 8.41394e-06 -2.1566e-09 -1.01918e-13
1 73 5 0.0370378 0.0256808 0.04507 0.00612187 0.0450921
1 73 6 0.0260263 0.0136847 0.0294048 -0.00729351 -0.0160231
1 73 7 0.0180164 0.00807643 0.0197438 -0.00019547 0.00701731
1 73 9 0.00953293 0.00252725 0.00986224 -0.000742023 0.00104182
1 73 11 0.00626379 0.00116886 0.00637191 -0.000464191 0.000166874
1 73 13 0.00440056 0.000629867 0.00444541 -0.000299862 2.7694e-05
1 73 16 0.00287283 0.000316785 0.00289024 -0.000164645 -1.90673e-06
1 73 20 0.00182416 0.000159579 0.00183112 -8.43318e-05 -5.8289e-08
1 73 24 0.00126085 9.21051e-05 0.00126421 -4.88743e-05 -1.89212e-09
1 73 30 0.000803424 4.70963e-05 0.000804804 -2.50584e-05 -1.66417e-11
1 73 37 0.000526561 2.50834e-05 0.000527158 -1.33691e-05 -4.79272e-12
1 73 46 0.000339868 1.30429e-05 0.000340118 -6.9617e-06 -4.81026e-12
1 73 57 0.000220986 6.85046e-06 0.000221092 -3.66052e-06 -4.79305e-12
1 73 71 0.000142289 3.54277e-06 0.000142333 -1.89448e-06 -5.42144e-12
1 73 88 9.26183e-05 1.86143e-06 9.2637e-05 -9.9499e-07 -5.21361e-12
1 73 110 5.93712e-05 9.5718e-07 5.93789e-05 -5.09281e-07 -1.34448e-13
1 73 137 3.84719e-05 5.04761e-07 3.84752e-05 -2.63406e-07 -2.76001e-13
1 73 171 2.50235e-05 2.77763e-07 2.5025e-05 -1.35219e-07 -1.23457e-13
1 73 213 1.66364e-05 1.74657e-07 1.66373e-05 -6.97223e-08 -1.27787e-13
1 73 266 1.1432e-05 1.34086e-07 1.14328e-05 -3.5549e-08 -4.0512e-13
1 73 332 8.41207e-06 1.21201e-07 8.41294e-06 -1.8033e-08 -4.78229e-12
1 73 415 6.78059e-06 1.17554e-07 6.78161e-06 -8.98067e-09 -3.70148e-13
1 73 518 5.98903e-06 1.16585e-07 5.99017e-06 -4.36682e-09 -2.93876e-13
1 73 648 5.62847e-06 1.16327e-07 5.62967e-06 -1.97751e-09 -2.87881e-13
1 83 5 0.0370378 0.0256809 0.04507 0.00612187 0.0450921
1 83 6 0.0260263 0.0136847 0.0294048 -0.00729351 -0.0160231
1 83 7 0.0180164 0.00807645 0.0197438 -0.00019547 0.00701731
1 83 9 0.00953293 0.00252726 0.00986224 -0.000742022 0.00104182
1 83 11 0.00626379 0.00116887 0.00637192 -0.000464191 0.000166874
1 83 13 0.00440056 0.000629885 0.00444541 -0.000299862 2.7694e-05
1 83 16 0.00287283 0.000316788 0.00289024 -0.000164645 -1.90673e-06
1 83 20 0.00182415 0.000159583 0.00183112 -8.43318e-05 -5.82889e-08
1 83 24 0.00126085 9.2109e-05 0.00126421 -4.88742e-05 -1.89203e-09
1 83 30 0.000803415 4.70988e-05 0.000804794 -2.50583e-05 -1.25649e-11
1 83 37 0.000526547 2.50847e-05 0.000527144 -1.3369e-05 -2.47469e-13
1 83 46 0.000339845 1.30429e-05 0.000340096 -6.96163e-06 -4.24771e-13
1 83 57 0.000220951 6.84992e-06 0.000221057 -3.66044e-06 -3.95017e-13
1 83 71 0.000142235 3.54161e-06 0.00014228 -1.8944e-06 -3.47833e-13
1 83 88 9.25356e-05 1.85922e-06 9.25542e-05 -9.94912e-07 -1.02585e-13
1 83 110 5.92421e-05 9.52866e-07 5.92497e-05 -5.09204e-07 -3.15192e-13
1 83 137 3.82723e-05 4.96532e-07 3.82755e-05 -2.63328e-07 -2.43583e-13
1 83 171 2.47155e-05 2.6251e-07 2.47169e-05 -1.35142e-07 -9.86988e-14
1 83 213 1.61696e-05 1.49214e-07 1.61702e-05 -6.96449e-08 -3.66707e-13
1 83 266 1.07412e-05 9.86854e-08 1.07417e-05 -3.54717e-08 -9.76996e-14
1 83 332 7.44627e-06 8.03079e-08 7.4467e-06 -1.79556e-08 -3.67151e-13
1 83 415 5.53719e-06 7.46907e-08 5.53769e-06 -8.90331e-09 -3.67928e-13
1 83 518 4.53348e-06 7.31557e-08 4.53407e-06 -4.28946e-09 -1.35447e-13
1 83 648 4.0452e-06 7.27434e-08 4.04585e-06 -1.90014e-09 -1.90403e-13
1 97 5 0.0370378 0.0256809 0.04507 0.00612187 0.0450921
1 97 6 0.0260263 0.0136847 0.0294048 -0.00729351 -0.0160231
1 97 7 0.0180164 0.00807645 0.0197438 -0.000195469 0.00701731
1 97 9 0.00953293 0.00252728 0.00986224 -0.000742022 0.00104182
1 97 11 0.00626379 0.00116889 0.00637192 -0.000464191 0.000166874
1 97 13 0.00440056 0.000629899 0.00444542 -0.000299862 2.7694e-05
1 97 16 0.00287283 0.000316791 0.00289024 -0.000164645 -1.90673e-06
1 97 20 0.00182415 0.000159586 0.00183112 -8.43318e-05 -5.8289e-08
1 97 24 0.00126084 9.2112e-05 0.0012642 -4.88742e-05 -1.89212e-09
1 97 30 0.00080341 4.71012e-05 0.000804789 -2.50583e-05 -1.29471e-11
1 97 37 0.000526539 2.50862e-05 0.000527136 -1.3369e-05 -2.76668e-13
1 97 46 0.000339833 1.30433e-05 0.000340083 -6.96158e-06 -2.99316e-13
1 97 57 0.000220933 6.84977e-06 0.000221039 -3.6604e-06 -3.50275e-13
1 97 71 0.000142206 3.54112e-06 0.00014225 -1.89435e-06 -8.48643e-12
1 97 88 9.24906e-05 1.85826e-06 9.25093e-05 -9.94866e-07 -3.94906e-13
1 97 110 5.91719e-05 9.5098e-07 5.91795e-05 -5.09158e-07 -3.63931e-13
1 97 137 3.81635e-05 4.92902e-07 3.81667e-05 -2.63282e-07 -3.0842e-13
1 97 171 2.45468e-05 2.5558e-07 2.45481e-05 -1.35096e-07 -7.89346e-12
1 97 213 1.59104e-05 1.36654e-07 1.5911e-05 -6.95987e-08 -6.40266e-13
1 97 266 1.0347e-05 7.84097e-08 1.03473e-05 -3.54254e-08 -4.1922e-13
1 97 332 6.86533e-06 5.34661e-08 6.86554e-06 -1.79094e-08 -3.14304e-13
1 97 415 4.72718e-06 4.45866e-08 4.72739e-06 -8.85707e-09 -3.13194e-13
1 97 518 3.49832e-06 4.19645e-08 3.49857e-06 -4.24322e-09 -3.70926e-13
1 97 648 2.83715e-06 4.12417e-08 2.83745e-06 -1.8539e-09 -3.31846e-13
1 113 5 0.0370378 0.0256809 0.04507 0.00612187 0.0450921
1 113 6 0.0260263 0.0136847 0.0294048 -0.00729351 -0.0160231
1 113 7 0.0180164 0.00807646 0.0197438 -0.000195469 0.00701731
1 113 9 0.00953293 0.00252728 0.00986224 -0.000742022 0.00104182
1 113 11 0.00626379 0.00116889 0.00637192 -0.000464191 0.000166874
1 113 13 0.00440056 0.000629908 0.00444542 -0.000299861 2.7694e-05
1 113 16 0.00287283 0.000316792 0.00289024 -0.000164645 -1.90673e-06
1 113 20 0.00182415 0.000159588 0.00183112 -8.43317e-05 -5.82888e-08
1 113 24 0.00126084 9.21136e-05 0.0012642 -4.88742e-05 -1.89195e-09
1 113 30 0.000803408 4.71027e-05 0.000804787 -2.50582e-05 -1.23829e-11
1 113 37 0.000526536 2.50875e-05 0.000527133 -1.3369e-05 -3.68594e-14
1 113 46 0.000339828 1.30437e-05 0.000340078 -6.96156e-06 -2.74114e-13
1 113 57 0.000220925 6.84982e-06 0.000221031 -3.66038e-06 -1.69753e-13
1 113 71 0.000142194 3.54098e-06 0.000142238 -1.89433e-06 -1.5421e-13
1 113 88 9.24725e-05 1.85795e-06 9.24911e-05 -9.94845e-07 -2.23932e-13
1 113 110 5.91435e-05 9.50384e-07 5.91511e-05 -5.09137e-07 -7.78266e-14
1 113 137 3.81195e-05 4.91753e-07 3.81227e-05 -2.63261e-07 -1.25233e-13
1 113 171 2.44783e-05 2.53356e-07 2.44796e-05 -1.35075e-07 -1.94955e-13
1 113 213 1.58045e-05 1.32447e-07 1.5805e-05 -6.95779e-08 -1.70308e-13
1 113 266 1.01834e-05 7.08248e-08 1.01836e-05 -3.54046e-08 -1.27454e-13
1 113 332 6.6162e-06 4.15534e-08 6.61633e-06 -1.78886e-08 -1.14575e-13
1 113 415 4.35748e-06 2.9258e-08 4.35758e-06 -8.83627e-09 -7.9492e-14
1 113 518 2.97988e-06 2.50816e-08 2.97999e-06 -4.22242e-09 -2.3348e-13
1 113 648 2.16583e-06 2.38524e-08 2.16596e-06 -1.8331e-09 -2.02949e-13
1 129 5 0.0370378 0.0256809 0.04507 0.00612187 0.0450921
1 129 6 0.0260263 0.0136847 0.0294048 -0.00729351 -0.0160231
1 129 7 0.0180164 0.00807646 0.0197438 -0.000195469 0.00701731
1 129 9 0.00953293 0.00252729 0.00986225 -0.000742022 0.00104182
1 129 11 0.00626379 0.0011689 0.00637192 -0.000464191 0.000166874
1 129 13 0.00440056 0.000629912 0.00444542 -0.000299861 2.7694e-05
1 129 16 0.00287283 0.000316792 0.00289024 -0.000164645 -1.90673e-06
1 129 20 0.00182415 0.000159588 0.00183112 -8.43317e-05 -5.82888e-08
1 129 24 0.00126084 9.21144e-05 0.0012642 -4.88742e-05 -1.8922e-09
1 129 30 0.000803407 4.71035e-05 0.000804787 -2.50582e-05 -1.24876e-11
1 129 37 0.000526534 2.50885e-05 0.000527132 -1.3369e-05 -2.42029e-13
1 129 46 0.000339826 1.3044e-05 0.000340077 -6.96155e-06 -4.34319e-13
1 129 57 0.000220922 6.84993e-06 0.000221028 -3.66037e-06 -1.13021e-13
1 129 71 0.00014219 3.54096e-06 0.000142234 -1.89432e-06 -4.37983e-13
1 129 88 9.24656e-05 1.85786e-06 9.24842e-05 -9.94837e-07 -3.4206e-13
1 129 110 5.91327e-05 9.50205e-07 5.91403e-05 -5.09128e-07 -1.66089e-13
1 129 137 3.81027e-05 4.91407e-07 3.81059e-05 -2.63252e-07 -1.09246e-13
1 129 171 2.44521e-05 2.52683e-07 2.44534e-05 -1.35066e-07 -1.04472e-13
1 129 213 1.5764e-05 1.31155e-07 1.57646e-05 -6.95691e-08 -1.7264e-13
1 129 266 1.01205e-05 6.83782e-08 1.01207e-05 -3.53959e-08 -1.51101e-13
1 129 332 6.51894e-06 3.72306e-08 6.51905e-06 -1.78798e-08 -1.81632e-13
1 129 415 4.20834e-06 2.27038e-08 4.2084e-06 -8.82752e-09 -2.39253e-13
1 129 518 2.7572e-06 1.69858e-08 2.75726e-06 -4.21367e-09 -7.31637e-13
1 129 648 1.84752e-06 1.5112e-08 1.84758e-06 -1.82435e-09 -4.18665e-13
1 151 5 0.0370378 0.0256809 0.04507 0.00612187 0.0450921
1 151 6 0.0260263 0.0136847 0.0294048 -0.00729351 -0.0160231
1 151 7 0.0180164 0.00807646 0.0197438 -0.000195469 0.00701731
1 151 9 0.00953293 0.00252729 0.00986225 -0.000742022 0.00104182
1 151 11 0.00626379 0.0011689 0.00637192 -0.000464191 0.000166874
1 151 13 0.00440056 0.000629915 0.00444542 -0.000299861 2.7694e-05
1 151 16 0.00287283 0.000316792 0.00289024 -0.000164645 -1.90673e-06
1 151 20 0.00182415 0.000159589 0.00183112 -8.43317e-05 -5.82889e-08
1 151 24 0.00126084 9.21149e-05 0.0012642 -4.88742e-05 -1.89194e-09
1 151 30 0.000803407 4.71041e-05 0.000804786 -2.50582e-05 -1.24514e-11
1 151 37 0.000526534 2.50894e-05 0.000527131 -1.33689e-05 -1.00364e-13
1 151 46 0.000339825 1.30443e-05 0.000340076 -6.96155e-06 -2.00728e-13
1 151 57 0.000220921 6.85008e-06 0.000221027 -3.66036e-06 -1.89626e-13
1 151 71 0.000142188 3.54098e-06 0.000142232 -1.89432e-06 -2.31037e-13
1 151 88 9.24619e-05 1.85783e-06 9.24806e-05 -9.94832e-07 -1.531e-13
1 151 110 5.9127e-05 9.50131e-07 5.91346e-05 -5.09123e-07 -2.8233e-13
1 151 137 3.8094e-05 4.91262e-07 3.80971e-05 -2.63247e-07 -1.74305e-13
1 151 171 2.44385e-05 2.52401e-07 2.44398e-05 -1.35061e-07 -2.23266e-13
1 151 213 1.57428e-05 1.30613e-07 1.57433e-05 -6.95641e-08 -2.20157e-13
1 151 266 1.00874e-05 6.73318e-08 1.00876e-05 -3.53908e-08 -2.19491e-13
1 151 332 6.46741e-06 3.5272e-08 6.46751e-06 -1.78748e-08 -3.00204e-13
1 151 415 4.12806e-06 1.93251e-08 4.12811e-06 -8.82247e-09 -2.33702e-13
1 151 518 2.63304e-06 1.21044e-08 2.63307e-06 -4.20861e-09 -1.20792e-13
1 151 648 1.65652e-06 9.29349e-09 1.65654e-06 -1.8193e-09 -1.28564e-13
1 173 5 0.0370378 0.0256809 0.04507 0.00612187 0.0450921
1 173 6 0.0260263 0.0136847 0.0294048 -0.00729351 -0.0160231
1 173 7 0.0180164 0.00807646 0.0197438 -0.000195469 0.00701731
1 173 9 0.00953293 0.00252729 0.00986225 -0.000742022 0.00104182
1 7 809 0.00548456 0.000586844 0.00551587 -2.48087e-05 4.89143e-06
1 7 809 0.00548456 0.000586844 0.00551587 -2.48087e-05 4.89143e-06
1 9 809 0.00243071 0.000252717 0.00244382 -7.19131e-06 -2.14086e-08
1 9 809 0.00243071 0.000252717 0.00244382 -7.19131e-06 -2.14086e-08
1 11 809 0.00129406 0.000108433 0.0012986 -2.60503e-06 6.09116e-11
1 13 809 0.000795913 6.11048e-05 0.000798255 -1.09048e-06 -3.94906e-13
1 13 809 0.000795913 6.11048e-05 0.000798255 -1.09048e-06 -3.94906e-13
1 173 11 0.00626379 0.0011689 0.00637192 -0.000464191 0.000166874
1 15 809 0.000523846 3.65477e-05 0.00052512 -5.18548e-07 -1.79678e-12
1 17 809 0.000363858 2.33481e-05 0.000364607 -2.7152e-07 -4.58744e-13
1 21 809 0.000196926 1.09087e-05 0.000197228 -9.17982e-08 -6.43929e-14
1 23 809 0.000151264 7.85182e-06 0.000151467 -5.77757e-08 -5.16365e-13
1 173 13 0.00440056 0.000629917 0.00444542 -0.000299861 2.7694e-05
1 27 809 9.50814e-05 4.39148e-06 9.51827e-05 -2.57675e-08 -7.05991e-13
1 31 809 6.37755e-05 2.65824e-06 6.38309e-05 -1.30379e-08 -3.67928e-13
1 35 809 4.49271e-05 1.70882e-06 4.49596e-05 -7.30681e-09 -1.34448e-13
1 41 809 2.84752e-05 9.59549e-07 2.84914e-05 -3.60387e-09 -6.73639e-12
1 173 16 0.00287283 0.000316792 0.00289024 -0.000164645 -1.90673e-06
1 47 809 1.92244e-05 5.82634e-07 1.92333e-05 -2.10442e-09 -1.64846e-12
1 55 809 1.22469e-05 3.27884e-07 1.22513e-05 -1.28042e-09 -1.59206e-13
1 63 809 8.30988e-06 1.99438e-07 8.31227e-06 -9.43768e-10 -2.39253e-13
1 173 20 0.00182415 0.000159589 0.00183112 -8.43317e-05 -5.82891e-08
1 73 809 5.47531e-06 1.1626e-07 5.47655e-06 -7.64674e-10 -4.89309e-12
1 173 24 0.00126084 9.21152e-05 0.0012642 -4.88742e-05 -1.89228e-09
1 83 809 3.82923e-06 7.26362e-08 3.82992e-06 -6.87308e-10 -2.69007e-13
1 173 30 0.000803407 4.71044e-05 0.000804786 -2.50582e-05 -1.26652e-11
1 97 809 2.51969e-06 4.10522e-08 2.52002e-06 -6.41069e-10 -7.83484e-12
1 173 37 0.000526534 2.509e-05 0.000527131 -1.33689e-05 -5.16698e-13
1 173 809 8.92083e-07 5.43988e-09 8.921e-07 -6.04382e-10 -5.03819e-13
1 173 46 0.000339825 1.30445e-05 0.000340075 -6.96155e-06 -5.15699e-13
1 113 809 1.72923e-06 2.35234e-08 1.72939e-06 -6.20269e-10 -1.18794e-13
1 173 57 0.00022092 6.8502e-06 0.000221026 -3.66036e-06 -4.53637e-13
1 173 71 0.000142187 3.54101e-06 0.000142231 -1.89431e-06 -3.77032e-13
1 129 809 1.30871e-06 1.45871e-08 1.30879e-06 -6.11518e-10 -1.09246e-13
1 173 88 9.24606e-05 1.85783e-06 9.24793e-05 -9.9483e-07 -6.7979e-13
1 173 110 5.91249e-05 9.5011e-07 5.91326e-05 -5.09121e-07 -3.51941e-13
1 151 809 1.0215e-06 8.41304e-09 1.02154e-06 -6.06462e-10 -1.94289e-13
1 173 137 3.80907e-05 4.9122e-07 3.80939e-05 -2.63245e-07 -3.54827e-13
1 173 171 2.44334e-05 2.5232e-07 2.44347e-05 -1.35059e-07 -4.67404e-13
1 173 213 1.57349e-05 1.30455e-07 1.57354e-05 -6.9562e-08 -2.62901e-13
1 173 266 1.00751e-05 6.70253e-08 1.00753e-05 -3.53887e-08 -3.85469e-13
1 173 332 6.44823e-06 3.46833e-08 6.44833e-06 -1.78727e-08 -2.56462e-13
1 173 415 4.09795e-06 1.82284e-08 4.09799e-06 -8.82038e-09 -3.69038e-13
1 173 518 2.58559e-06 1.0263e-08 2.58561e-06 -4.20653e-09 -4.22662e-13
1 173 648 1.58e-06 6.72176e-09 1.58001e-06 -1.81722e-09 -5.50893e-13
10 7 5 0.0109357 0.000343029 0.0109411 -0.000829165 2.64681e-07
10 7 6 0.0106259 0.000325909 0.0106309 -0.000507052 2.6315e-07
10 7 7 0.0104995 0.00032105 0.0105045 -0.00035101 2.63169e-07
10 7 9 0.0104107 0.000318764 0.0104156 -0.000217153 2.63169e-07
10 7 5 0.0109357 0.000343029 0.0109411 -0.000829165 2.64681e-07
10 7 6 0.0106259 0.000325909 0.0106309 -0.000507052 2.6315e-07
10 7 7 0.0104995 0.00032105 0.0105045 -0.00035101 2.63169e-07
10 7 9 0.0104107 0.000318764 0.0104156 -0.000217153 2.63169e-07
10 9 5 0.00489322 0.000158325 0.00489578 -0.00074152 6.96836e-10
10 9 6 0.00415496 0.00011802 0.00415663 -0.000419397 -8.51728e-10
10 9 7 0.00382031 0.000104043 0.00382173 -0.000263349 -8.31692e-10
10 9 9 0.00356886 9.67427e-05 0.00357017 -0.000129487 -8.31968e-10
10 9 5 0.00489322 0.000158325 0.00489578 -0.00074152 6.96836e-10
10 9 6 0.00415496 0.00011802 0.00415663 -0.000419397 -8.51728e-10
10 9 7 0.00382031 0.000104043 0.00382173 -0.000263349 -8.31692e-10
10 9 9 0.00356886 9.67427e-05 0.00357017 -0.000129487 -8.31968e-10
10 7 5 0.0109357 0.000343029 0.0109411 -0.000829165 2.64681e-07
10 7 6 0.0106259 0.000325909 0.0106309 -0.000507052 2.6315e-07
10 7 7 0.0104995 0.00032105 0.0105045 -0.00035101 2.63169e-07
10 7 9 0.0104107 0.000318764 0.0104156 -0.000217153 2.63169e-07
10 7 11 0.0103841 0.000318343 0.010389 -0.000165921 2.63169e-07
10 7 13 0.010374 0.000318234 0.0103789 -0.00014225 2.63169e-07
10 7 16 0.0103682 0.000318191 0.0103731 -0.000125826 2.63169e-07
10 7 20 0.0103656 0.000318179 0.0103705 -0.00011679 2.63169e-07
10 7 24 0.0103647 0.000318176 0.0103696 -0.000112877 2.63169e-07
10 7 30 0.0103643 0.000318175 0.0103691 -0.000110296 2.63169e-07
10 7 37 0.0103641 0.000318174 0.010369 -0.00010905 2.63169e-07
10 7 46 0.010364 0.000318174 0.0103689 -0.000108375 2.63169e-07
10 7 57 0.010364 0.000318174 0.0103688 -0.000108031 2.63169e-07
10 7 71 0.0103639 0.000318174 0.0103688 -0.000107848 2.63169e-07
10 7 5 0.0109357 0.000343029 0.0109411 -0.000829165 2.64681e-07
10 7 6 0.0106259 0.000325909 0.0106309 -0.000507052 2.6315e-07
10 7 7 0.0104995 0.00032105 0.0105045 -0.00035101 2.63169e-07
10 7 9 0.0104107 0.000318764 0.0104156 -0.000217153 2.63169e-07
10 7 11 0.0103841 0.000318343 0.010389 -0.000165921 2.63169e-07
10 7 13 0.010374 0.000318234 0.0103789 -0.00014225 2.63169e-07
10 7 16 0.0103682 0.000318191 0.0103731 -0.000125826 2.63169e-07
10 7 20 0.0103656 0.000318179 0.0103705 -0.00011679 2.63169e-07
10 7 24 0.0103647 0.000318176 0.0103696 -0.000112877 2.63169e-07
10 7 30 0.0103643 0.000318175 0.0103691 -0.000110296 2.63169e-07
10 7 37 0.0103641 0.000318174 0.010369 -0.00010905 2.63169e-07
10 7 46 0.010364 0.000318174 0.0103689 -0.000108375 2.63169e-07
10 7 57 0.010364 0.000318174 0.0103688 -0.000108031 2.63169e-07
10 7 71 0.0103639 0.000318174 0.0103688 -0.000107848 2.63169e-07
10 9 5 0.00489322 0.000158325 0.00489578 -0.00074152 6.96836e-10
10 9 6 0.00415496 0.00011802 0.00415663 -0.000419397 -8.51728e-10
10 9 7 0.00382031 0.000104043 0.00382173 -0.000263349 -8.31692e-10
10 9 9 0.00356886 9.67427e-05 0.00357017 -0.000129487 -8.31968e-10
10 9 11 0.00349046 9.53454e-05 0.00349176 -7.82531e-05 -8.31968e-10
10 9 13 0.0034603 9.49821e-05 0.0034616 -5.45803e-05 -8.31968e-10
10 9 16 0.0034429 9.48374e-05 0.00344421 -3.81564e-05 -8.31968e-10
10 9 20 0.0034352 9.47959e-05 0.00343651 -2.91201e-05 -8.31968e-10
10 9 24 0.00343251 9.47863e-05 0.00343382 -2.5207e-05 -8.31968e-10
10 9 30 0.00343106 9.47829e-05 0.00343236 -2.26256e-05 -8.31968e-10
10 9 37 0.00343049 9.4782e-05 0.0034318 -2.13791e-05 -8.31968e-10
10 9 46 0.00343025 9.47817e-05 0.00343156 -2.07043e-05 -8.31968e-10
10 9 57 0.00343015 9.47817e-05 0.00343146 -2.03603e-05 -8.31968e-10
10 9 71 0.00343011 9.47817e-05 0.00343141 -2.01777e-05 -8.31968e-10
10 9 5 0.00489322 0.000158325 0.00489578 -0.00074152 6.96836e-10
10 9 6 0.00415496 0.00011802 0.00415663 -0.000419397 -8.51728e-10
10 9 7 0.00382031 0.000104043 0.00382173 -0.000263349 -8.31692e-10
10 9 9 0.00356886 9.67427e-05 0.00357017 -0.000129487 -8.31968e-10
10 9 11 0.00349046 9.53454e-05 0.00349176 -7.82531e-05 -8.31968e-10
10 9 13 0.0034603 9.49821e-05 0.0034616 -5.45803e-05 -8.31968e-10
10 9 16 0.0034429 9.48374e-05 0.00344421 -3.81564e-05 -8.31968e-10
10 9 20 0.0034352 9.47959e-05 0.00343651 -2.91201e-05 -8.31968e-10
10 9 24 0.00343251 9.47863e-05 0.00343382 -2.5207e-05 -8.31968e-10
10 9 30 0.00343106 9.47829e-05 0.00343236 -2.26256e-05 -8.31968e-10
10 9 37 0.00343049 9.4782e-05 0.0034318 -2.13791e-05 -8.31968e-10
10 9 46 0.00343025 9.47817e-05 0.00343156 -2.07043e-05 -8.31968e-10
10 9 57 0.00343015 9.47817e-05 0.00343146 -2.03603e-05 -8.31968e-10
10 9 71 0.00343011 9.47817e-05 0.00343141 -2.01777e-05 -8.31968e-10
10 11 5 0.00385164 0.000133515 0.00385395 -0.000727047 1.53085e-09
10 11 6 0.00285571 8.15212e-05 0.00285687 -0.000404924 -1.79534e-11
10 11 7 0.00234225 5.94782e-05 0.00234301 -0.000248875 2.10683e-12
10 11 9 0.00190477 4.55195e-05 0.00190531 -0.000115011 1.84285e-12
10 11 11 0.00175347 4.24679e-05 0.00175399 -6.37766e-05 1.84268e-12
10 11 13 0.00169264 4.16454e-05 0.00169315 -4.01036e-05 1.84268e-12
10 11 16 0.00165678 4.13143e-05 0.00165729 -2.36794e-05 1.84268e-12
10 11 20 0.00164072 4.12188e-05 0.00164124 -1.46431e-05 1.84268e-12
10 11 24 0.00163507 4.11968e-05 0.00163559 -1.07299e-05 1.84268e-12
10 11 30 0.00163202 4.11888e-05 0.00163254 -8.14848e-06 1.84268e-12
10 11 37 0.00163084 4.11869e-05 0.00163136 -6.90191e-06 1.84268e-12
10 11 46 0.00163032 4.11863e-05 0.00163084 -6.22717e-06 1.84268e-12
10 11 57 0.00163011 4.11861e-05 0.00163063 -5.88308e-06 1.84268e-12
10 11 71 0.00163002 4.11861e-05 0.00163054 -5.70051e-06 1.84268e-12
10 13 5 0.00360748 0.000128711 0.00360978 -0.000723555 1.529e-09
10 13 6 0.00251671 7.32364e-05 0.00251778 -0.000401432 -1.97889e-11
10 13 7 0.00191439 4.74824e-05 0.00191498 -0.000245383 2.71477e-13
10 13 9 0.0013442 2.80891e-05 0.0013445 -0.000111519 -5.9952e-15
10 13 11 0.00111956 2.28134e-05 0.00111979 -6.0284e-05 7.27196e-15
10 13 13 0.00102164 2.12427e-05 0.00102186 -3.66109e-05 7.27196e-15
10 13 16 0.000961066 2.05858e-05 0.000961286 -2.01867e-05 7.27196e-15
10 13 20 0.000933114 2.03934e-05 0.000933337 -1.11503e-05 7.27196e-15
10 13 24 0.000923143 2.0349e-05 0.000923367 -7.23705e-06 7.27196e-15
10 13 30 0.000917727 2.03329e-05 0.000917952 -4.65565e-06 7.27196e-15
10 13 37 0.000915624 2.03289e-05 0.00091585 -3.40907e-06 7.27196e-15
10 13 46 0.000914706 2.03277e-05 0.000914932 -2.73433e-06 7.27196e-15
10 13 57 0.00091433 2.03274e-05 0.000914556 -2.39024e-06 7.27196e-15
10 13 71 0.000914169 2.03273e-05 0.000914395 -2.20767e-06 7.27196e-15
10 13 5 0.00360748 0.000128711 0.00360978 -0.000723555 1.529e-09
10 13 6 0.00251671 7.32364e-05 0.00251778 -0.000401432 -1.97889e-11
10 13 7 0.00191439 4.74824e-05 0.00191498 -0.000245383 2.71477e-13
10 13 9 0.0013442 2.80891e-05 0.0013445 -0.000111519 -5.9952e-15
10 13 11 0.00111956 2.28134e-05 0.00111979 -6.0284e-05 7.27196e-15
10 13 13 0.00102164 2.12427e-05 0.00102186 -3.66109e-05 7.27196e-15
10 13 16 0.000961066 2.05858e-05 0.000961286 -2.01867e-05 7.27196e-15
10 13 20 0.000933114 2.03934e-05 0.000933337 -1.11503e-05 7.27196e-15
10 13 24 0.000923143 2.0349e-05 0.000923367 -7.23705e-06 7.27196e-15
10 13 30 0.000917727 2.03329e-05 0.000917952 -4.65565e-06 7.27196e-15
10 13 37 0.000915624 2.03289e-05 0.00091585 -3.40907e-06 7.27196e-15
10 13 46 0.000914706 2.03277e-05 0.000914932 -2.73433e-06 7.27196e-15
10 13 57 0.00091433 2.03274e-05 0.000914556 -2.39024e-06 7.27196e-15
10 13 71 0.000914169 2.03273e-05 0.000914395 -2.20767e-06 7.27196e-15
10 15 5 0.00353515 0.00012763 0.00353745 -0.000722385 1.529e-09
10 15 6 0.00241188 7.12359e-05 0.00241293 -0.000400263 -1.97732e-11
10 15 7 0.00177433 4.43318e-05 0.00177488 -0.000244213 2.73767e-13
10 15 9 0.00113588 2.23556e-05 0.0011361 -0.000110349 -3.73312e-15
10 15 11 0.00085834 1.52052e-05 0.000858474 -5.91143e-05 -3.77476e-15
10 15 13 0.000726012 1.27277e-05 0.000726124 -3.54411e-05 -3.77476e-15
10 15 16 0.000637954 1.1598e-05 0.00063806 -1.90169e-05 -3.77476e-15
10 15 20 0.000595013 1.12529e-05 0.00059512 -9.98047e-06 -3.77476e-15
10 15 24 0.00057925 1.11723e-05 0.000579358 -6.06723e-06 -3.77476e-15
10 15 30 0.000570579 1.11428e-05 0.000570688 -3.48583e-06 -3.77476e-15
10 15 37 0.000567192 1.11355e-05 0.000567301 -2.23925e-06 -3.77476e-15
10 15 46 0.000565708 1.11334e-05 0.000565817 -1.5645e-06 -3.77476e-15
10 15 57 0.000565099 1.11328e-05 0.000565209 -1.22042e-06 -3.77476e-15
10 15 71 0.000564839 1.11327e-05 0.000564949 -1.03784e-06 -3.77476e-15
10 17 5 0.00350971 0.000127346 0.00351202 -0.000721919 1.529e-09
10 17 6 0.00237443 7.06712e-05 0.00237548 -0.000399798 -1.9786e-11
10 17 7 0.00172307 4.34177e-05 0.00172362 -0.000243748 2.87881e-13
10 17 9 0.00105402 2.04843e-05 0.00105422 -0.000109884 -3.08087e-15
10 17 11 0.000746651 1.22888e-05 0.000746752 -5.86492e-05 -3.1225e-15
10 17 13 0.000589774 9.04452e-06 0.000589844 -3.4976e-05 -3.1225e-15
10 17 16 0.000477206 7.37037e-06 0.000477263 -1.85517e-05 -3.1225e-15
10 17 20 0.000418068 6.81434e-06 0.000418123 -9.51529e-06 -3.1225e-15
10 17 24 0.00039531 6.68031e-06 0.000395367 -5.60206e-06 -3.1225e-15
10 17 30 0.000382492 6.63094e-06 0.00038255 -3.02065e-06 -3.1225e-15
10 17 37 0.00037742 6.61859e-06 0.000377478 -1.77407e-06 -3.1225e-15
10 17 46 0.000375187 6.61506e-06 0.000375245 -1.09932e-06 -3.1225e-15
10 17 57 0.000374268 6.61413e-06 0.000374327 -7.55236e-07 -3.1225e-15
10 17 71 0.000373876 6.61387e-06 0.000373935 -5.72659e-07 -3.1225e-15
10 21 5 0.00349487 0.000127247 0.00349718 -0.000721606 1.52901e-09
10 21 6 0.00235244 7.04162e-05 0.00235349 -0.000399486 -1.97845e-11
10 21 7 0.00169264 4.30005e-05 0.00169318 -0.000243437 2.7589e-13
10 21 9 0.00100349 1.95861e-05 0.00100368 -0.000109573 -1.67921e-15
10 21 11 0.00067344 1.07239e-05 0.000673525 -5.83375e-05 -1.67921e-15
10 21 13 0.000493829 6.76654e-06 0.000493875 -3.46643e-05 -1.67921e-15
10 21 16 0.000351794 4.2782e-06 0.00035182 -1.824e-05 -1.67921e-15
10 21 20 0.000266109 3.22725e-06 0.000266128 -9.2036e-06 -1.67921e-15
10 21 24 0.000228699 2.93366e-06 0.000228718 -5.29036e-06 -1.67921e-15
10 21 30 0.000205751 2.81942e-06 0.00020577 -2.70896e-06 -1.67921e-15
10 21 37 0.000196161 2.79023e-06 0.000196181 -1.46237e-06 -1.67921e-15
10 21 46 0.000191829 2.78186e-06 0.000191849 -7.87625e-07 -1.67921e-15
10 21 57 0.000190026 2.77963e-06 0.000190047 -4.43537e-07 -1.67921e-15
10 21 71 0.000189252 2.77902e-06 0.000189273 -2.6096e-07 -1.67921e-15
10 23 5 0.00349263 0.000127247 0.00349495 -0.000721551 1.529e-09
10 23 6 0.00234911 7.03879e-05 0.00235016 -0.000399432 -1.9786e-11
10 23 7 0.00168801 4.29535e-05 0.00168855 -0.000243382 2.74461e-13
10 23 9 0.000995663 1.94832e-05 0.000995854 -0.000109518 -3.01148e-15
10 23 11 0.000661716 1.05344e-05 0.0006618 -5.8283e-05 -3.08087e-15
10 23 13 0.000477718 6.46195e-06 0.000477762 -3.46098e-05 -3.08087e-15
10 23 16 0.000328795 3.77797e-06 0.000328817 -1.81855e-05 -3.08087e-15
10 23 20 0.000234864 2.52686e-06 0.000234877 -9.14907e-06 -3.08087e-15
10 23 24 0.000191443 2.1392e-06 0.000191455 -5.23583e-06 -3.08087e-15
10 23 30 0.000163342 1.97964e-06 0.000163354 -2.65442e-06 -3.08087e-15
10 23 37 0.000151084 1.93783e-06 0.000151097 -1.40784e-06 -3.08087e-15
10 23 46 0.000145415 1.92576e-06 0.000145428 -7.33088e-07 -3.08087e-15
10 23 57 0.000143029 1.92254e-06 0.000143042 -3.89e-07 -3.08087e-15
10 23 71 0.000141999 1.92165e-06 0.000142012 -2.06423e-07 -3.08087e-15
10 27 5 0.00349081 0.000127265 0.00349313 -0.000721502 1.52901e-09
10 27 6 0.0023464 7.03703e-05 0.00234746 -0.000399383 -1.97822e-11
10 27 7 0.00168424 4.29223e-05 0.00168479 -0.000243333 2.78264e-13
10 27 9 0.000989266 1.94148e-05 0.000989457 -0.000109469 8.18789e-16
10 27 11 0.000652051 1.04068e-05 0.000652134 -5.82341e-05 7.49401e-16
10 27 13 0.000464238 6.25165e-06 0.00046428 -3.45609e-05 -1.27953e-14
10 27 16 0.000308884 3.4057e-06 0.000308902 -1.81367e-05 -1.27953e-14
10 27 20 0.000206067 1.92628e-06 0.000206076 -9.10021e-06 -1.27953e-14
10 27 24 0.000154769 1.379e-06 0.000154775 -5.18697e-06 -1.27953e-14
10 27 30 0.000118252 1.11553e-06 0.000118257 -2.60556e-06 -1.27953e-14
10 27 37 0.000100644 1.03953e-06 0.000100649 -1.35898e-06 -1.27953e-14
10 27 46 9.19154e-05 1.01684e-06 9.1921e-05 -6.8423e-07 -1.27953e-14
10 27 57 8.80911e-05 1.01073e-06 8.80969e-05 -3.40142e-07 -1.27953e-14
10 27 71 8.64088e-05 1.00904e-06 8.64147e-05 -1.57565e-07 -1.27953e-14
10 31 5 0.00349021 0.000127286 0.00349253 -0.000721483 1.52901e-09
10 31 6 0.00234551 7.03675e-05 0.00234656 -0.000399364 -1.97966e-11
10 31 7 0.00168299 4.29146e-05 0.00168354 -0.000243315 2.77431e-13
10 31 9 0.000987137 1.93976e-05 0.000987327 -0.000109451 -1.249e-16
10 31 11 0.000648816 1.03742e-05 0.000648899 -5.82158e-05 -1.38778e-16
10 31 13 0.000459683 6.1972e-06 0.000459725 -3.45426e-05 -1.249e-16
10 31 16 0.000301993 3.30462e-06 0.000302012 -1.81183e-05 -1.249e-16
10 31 20 0.000195588 1.74131e-06 0.000195596 -9.08185e-06 -1.249e-16
10 31 24 0.000140515 1.10599e-06 0.000140519 -5.16861e-06 -1.249e-16
10 31 30 9.88662e-05 7.52307e-07 9.88691e-05 -2.5872e-06 -1.249e-16
10 31 37 7.69433e-05 6.34178e-07 7.6946e-05 -1.34062e-06 -1.249e-16
10 31 46 6.51113e-05 5.9626e-07 6.5114e-05 -6.65869e-07 -1.249e-16
10 31 57 5.9591e-05 5.85789e-07 5.95939e-05 -3.21781e-07 -1.249e-16
10 31 71 5.70747e-05 5.8286e-07 5.70776e-05 -1.39204e-07 -1.249e-16
10 35 5 0.00348998 0.000127304 0.0034923 -0.000721474 1.52901e-09
10 35 6 0.00234516 7.03685e-05 0.00234621 -0.000399357 -1.97825e-11
10 35 7 0.00168251 4.29127e-05 0.00168305 -0.000243307 2.78e-13
10 35 9 0.000986309 1.93924e-05 0.0009865 -0.000109443 4.16334e-16
10 35 11 0.000647556 1.03641e-05 0.000647639 -5.82079e-05 4.30211e-16
10 35 13 0.000457903 6.18037e-06 0.000457945 -3.45346e-05 4.16334e-16
10 35 16 0.000299278 3.2729e-06 0.000299296 -1.81104e-05 4.16334e-16
10 35 20 0.000191369 1.68031e-06 0.000191376 -9.07393e-06 4.16334e-16
10 35 24 0.000134579 1.00722e-06 0.000134583 -5.16069e-06 4.16334e-16
10 35 30 9.02318e-05 5.97681e-07 9.02337e-05 -2.57929e-06 4.16334e-16
10 35 37 6.54791e-05 4.39814e-07 6.54806e-05 -1.3327e-06 4.16334e-16
10 35 46 5.10561e-05 3.83118e-07 5.10575e-05 -6.57953e-07 4.16334e-16
10 35 57 4.37987e-05 3.66609e-07 4.38002e-05 -3.13865e-07 4.16334e-16
10 35 71 4.03083e-05 3.6191e-07 4.03099e-05 -1.31288e-07 4.16334e-16
0.001 9 10 35.6827 400.363 401.95 -150.61 -7.45961e-06
0.002 9 10 18.0225 201.445 202.249 -74.114 -1.49842e-05
0.004 9 10 9.22858 102.083 102.499 -35.6655 -3.03082e-05
0.001 9 10 35.6827 400.363 401.95 -150.61 -7.45961e-06
0.002 9 10 18.0225 201.445 202.249 -74.114 -1.49842e-05
0.004 9 10 9.22858 102.083 102.499 -35.6655 -3.03082e-05
0.001 19 20 22.0446 463.215 463.74 -94.9148 -1.97605e-06
0.002 19 20 11.2063 233.421 233.689 -46.2696 -4.01325e-06
0.004 19 20 5.80941 118.799 118.941 -21.7497 -8.33563e-06
0.008 19 20 3.05453 61.2734 61.3495 -9.71915 -1.80816e-05
0.016 19 20 1.58498 32.1694 32.2084 -4.03163 -4.229e-05
0.032 19 20 0.760946 17.3454 17.3621 -1.45336 -0.000106116
0.064 19 20 0.297165 9.72678 9.73132 -0.389424 -0.00024928
0.128 19 20 0.0753452 5.76062 5.76112 -0.0536982 -0.00037708
0.256 19 20 0.00967971 3.65514 3.65515 -0.0014789 -0.000192537
0.512 19 20 0.00335006 2.50266 2.50266 0.000145986 -1.45893e-05
1.024 19 20 0.00180308 1.83844 1.83844 8.27738e-05 -4.37332e-08
2.048 19 20 0.000945083 1.49621 1.49621 4.38617e-05 -6.89448e-14
4.096 19 20 0.000518439 1.37307 1.37307 2.23826e-05 -6.10623e-16
8.192 19 20 0.000340813 1.33962 1.33962 1.13689e-05 1.66533e-15
16.384 19 20 0.000320592 1.33134 1.33134 5.89987e-06 -2.76168e-15
0.001 39 40 13.2589 557.912 558.069 -59.1114 -7.94713e-07
0.002 39 40 6.78939 280.477 280.559 -28.3766 -1.64452e-06
0.004 39 40 3.54496 141.973 142.017 -12.8208 -3.54983e-06
0.008 39 40 1.83601 72.5232 72.5464 -5.28934 -8.12881e-06
0.016 39 40 0.883754 37.5141 37.5245 -1.88381 -1.95032e-05
0.032 39 40 0.351185 19.8033 19.8064 -0.497988 -4.19966e-05
0.064 39 40 0.0937471 10.8064 10.8068 -0.0694351 -5.35493e-05
0.128 39 40 0.0119967 6.20807 6.20808 -0.00251147 -2.02033e-05
0.256 39 40 0.00156351 3.82945 3.82945 2.47486e-05 -8.42349e-07
0.512 39 40 0.000843586 2.5688 2.5688 1.89173e-05 -8.30961e-10
1.024 39 40 0.000441101 1.86469 1.86469 1.03573e-05 -2.44249e-15
2.048 39 40 0.000224683 1.50654 1.50654 5.3281e-06 -4.44089e-16
4.096 39 40 0.000115193 1.37694 1.37694 2.68617e-06 -1.88738e-15
8.192 39 40 6.22853e-05 1.34088 1.34088 1.3478e-06 -1.11022e-16
16.384 39 40 3.98764e-05 1.33173 1.33173 6.77752e-07 -2.7478e-15
0.001 99 500 2.1965 568.252 568.256 -5.11612 -1.46342e-08
0.002 99 500 0.922802 285.65 285.651 -1.89531 -4.02679e-08
0.004 99 500 0.290826 144.584 144.584 -0.401607 -7.4243e-08
0.008 99 500 0.0529539 73.8265 73.8266 -0.0270349 -4.09844e-08
0.016 99 500 0.00341449 38.1214 38.1214 -0.000220221 -2.58366e-09
0.032 99 500 7.11903e-05 20.0256 20.0256 5.08518e-08 -3.05463e-12
0.064 99 500 3.60421e-05 10.8046 10.8046 5.13026e-08 4.16334e-17
0.128 99 500 2.02268e-05 6.07228 6.07228 3.21382e-08 4.44089e-16
0.256 99 500 1.09121e-05 3.64234 3.64234 1.77884e-08 1.11022e-16
0.512 99 500 5.9158e-06 2.42954 2.42954 8.88219e-09 0
1.024 99 500 3.506e-06 1.8156 1.8156 4.91335e-09 -9.99201e-16
2.048 99 500 2.443e-06 1.49378 1.49378 2.94645e-09 -6.66134e-16
4.096 99 500 1.98661e-06 1.36473 1.36473 1.4183e-09 -1.16573e-15
8.192 99 500 1.77234e-06 1.33107 1.33107 8.37979e-10 -2.22045e-16
16.384 99 500 1.67082e-06 1.32577 1.32577 2.21883e-10 -3.26128e-15
0.016 9 10 2.52392 27.0092 27.1269 -7.47854 -0.000132603
0.032 9 10 1.30964 14.2747 14.3347 -3.12702 -0.00030158
0.064 9 10 0.626797 7.8059 7.83103 -1.13646 -0.000741154
0.128 9 10 0.240151 4.4782 4.48464 -0.302165 -0.00180734
0.256 9 10 0.0569405 2.74026 2.74085 -0.035919 -0.00326829
0.512 9 10 0.0140102 1.81831 1.81836 0.00136523 -0.00252481
1.024 9 10 0.00789094 1.31428 1.3143 0.000743423 -0.000361548
2.048 9 10 0.00450621 1.06417 1.06418 0.000374377 -3.00033e-07
4.096 9 10 0.00317323 0.973012 0.973018 0.000200774 -1.81473e-09
8.192 9 10 0.00324778 0.94698 0.946986 0.000112962 -1.00847e-09
16.384 9 10 0.00480082 0.939403 0.939415 7.88222e-05 -5.10987e-10
0.001 35 71 9.17952 569.865 569.939 78.7639 1.47193e-06
0.002 35 71 4.69368 286.565 286.604 29.7902 2.88518e-06
0.004 35 71 2.41018 145.15 145.17 10.9119 5.48095e-06
0.008 35 71 1.17103 74.2228 74.232 3.74858 9.70642e-06
0.016 35 71 0.482452 38.4381 38.4412 0.936332 1.44331e-05
0.032 35 71 0.141676 20.3078 20.3083 0.137939 1.41232e-05
0.064 35 71 0.0219712 11.076 11.0761 0.0065999 5.30784e-06
0.128 35 71 0.00133616 6.33949 6.33949 4.19449e-05 2.63375e-07
0.256 35 71 0.000504265 3.87623 3.87623 6.03973e-06 2.84216e-10
0.512 35 71 0.000274736 2.57195 2.57195 3.50981e-06 3.33067e-16
1.024 35 71 0.000145963 1.85928 1.85928 1.85846e-06 -9.99201e-16
2.048 35 71 8.1372e-05 1.50574 1.50574 9.47365e-07 -2.22045e-16
4.096 35 71 5.25869e-05 1.37711 1.37711 4.79417e-07 -2.2371e-14
8.192 35 71 4.20986e-05 1.34094 1.34094 2.44566e-07 -3.55216e-13
16.384 35 71 4.10146e-05 1.33175 1.33175 1.2848e-07 -6.33082e-12
0.008 9 10 4.80008 52.1894 52.4097 -16.6642 -6.2271e-05
0.001 3 4 90.2758 398.973 409.058 -250.479 -4.36538e-05
0.002 3 4 45.1585 200.422 205.447 -124.047 -8.73755e-05
0.004 3 4 22.6417 101.296 103.796 -60.6288 -0.000175114
0.008 3 4 11.4007 51.5776 52.8226 -29.1396 -0.000352073
0.016 3 4 5.78024 26.5303 27.1527 -13.7038 -0.000713725
0.032 3 4 2.94792 13.9177 14.2265 -6.21498 -0.00147589
0.064 3 4 1.48042 7.5856 7.72871 -2.63228 -0.00318413
0.128 3 4 0.682875 4.41252 4.46505 -0.962294 -0.00738342
0.256 3 4 0.275388 2.81285 2.8263 -0.237361 -0.0183798
0.512 3 4 0.178701 1.93521 1.94344 0.0104766 -0.042156
1.024 3 4 0.170299 1.37772 1.38821 0.0323406 -0.0324991
2.048 3 4 0.151619 1.03709 1.04812 -0.0111639 0.0114279
4.096 3 4 0.221063 0.849638 0.877926 -0.0849084 0.00863138
8.192 3 4 0.491647 0.775476 0.918194 -0.213398 0.00478062
16.384 3 4 1.0611 1.00093 1.4587 -0.451682 0.00245541
0.001 5 8 49.0964 399.259 402.267 -172.363 -9.24133e-06
0.001 5 20 27.5308 401.323 402.267 -88.7103 5.11973e-06
0.001 5 60 23.3089 464.565 465.149 -87.6079 6.58435e-06
0.001 5 110 22.935 524.021 524.522 -87.6093 6.58435e-06
0.001 9 8 47.9197 399.083 401.95 -174.78 -7.55346e-06
0.001 9 20 22.238 401.334 401.95 -94.8574 -1.96804e-06
0.001 9 60 12.5959 523.397 523.548 -38.8068 1.08636e-06
0.001 9 110 11.2289 563.576 563.688 -38.6286 1.19802e-06
0.001 19 8 47.9113 398.844 401.712 -174.78 -7.55336e-06
0.001 19 20 22.0446 463.215 463.74 -94.9148 -1.97605e-06
0.001 19 60 10.1024 563.97 564.06 -44.5605 -4.11353e-07
0.001 19 110 6.97532 566.248 566.291 -28.0315 -1.52069e-07
0.001 29 8 47.9111 461.464 463.944 -174.78 -7.55336e-06
0.001 29 20 22.0439 522.99 523.454 -94.9148 -1.97605e-06
0.001 29 60 10.0986 566.017 566.108 -44.5606 -4.11353e-07
0.001 29 110 6.80651 567.388 567.429 -28.1278 -1.51867e-07
0.002 5 8 24.7628 201.055 202.574 -84.9901 -1.85487e-05
0.002 5 20 14.1591 202.078 202.574 -43.168 1.01762e-05
0.002 5 60 12.0931 234.402 234.714 -42.617 1.31045e-05
0.002 5 110 11.913 263.894 264.162 -42.6177 1.31045e-05
0.002 9 8 24.1301 200.805 202.249 -86.1982 -1.51731e-05
0.002 9 20 11.3449 201.931 202.249 -46.2409 -3.99724e-06
0.002 9 60 6.6778 263.447 263.531 -18.2408 2.11572e-06
0.002 9 110 6.0422 283.521 283.586 -18.152 2.33823e-06
0.002 19 8 24.1188 200.587 202.032 -86.1982 -1.51728e-05
0.002 19 20 11.2063 233.421 233.689 -46.2696 -4.01325e-06
0.002 19 60 5.18381 283.593 283.64 -21.1119 -8.7356e-07
0.002 19 110 3.57387 284.727 284.75 -12.8828 -3.46951e-07
0.002 29 8 24.1187 232.615 233.862 -86.1982 -1.51728e-05
0.002 29 20 11.2058 263.167 263.405 -46.2696 -4.01325e-06
0.002 29 60 5.18128 284.656 284.704 -21.1119 -8.7356e-07
0.002 29 110 3.45643 285.345 285.366 -12.9307 -3.46623e-07
0.004 5 8 12.6493 102.066 102.847 -41.1025 -3.74458e-05
0.004 5 20 7.55094 102.569 102.847 -20.2002 2.00263e-05
0.004 5 60 6.56679 119.532 119.713 -19.9252 2.58753e-05
0.004 5 110 6.48424 134.025 134.182 -19.9255 2.58753e-05
0.004 9 8 12.2734 101.761 102.499 -41.7064 -3.06951e-05
0.004 9 20 5.91064 102.328 102.499 -21.7354 -8.3036e-06
0.004 9 60 3.70616 133.653 133.705 -7.78559 3.95537e-06
0.004 9 110 3.43008 143.681 143.722 -7.74184 4.39395e-06
0.004 19 8 12.2645 101.609 102.347 -41.7064 -3.06946e-05
0.004 19 20 5.80941 118.799 118.941 -21.7497 -8.33563e-06
0.004 19 60 2.69186 143.659 143.685 -9.2096 -1.97441e-06
0.004 19 110 1.80232 144.223 144.234 -5.16458 -8.59091e-07
0.004 29 8 12.2645 118.448 119.081 -41.7064 -3.06946e-05
0.004 29 20 5.80937 133.492 133.618 -21.7497 -8.33563e-06
0.004 29 60 2.69138 144.213 144.238 -9.20963 -1.97441e-06
0.004 29 110 1.72315 144.562 144.572 -5.1881 -8.59018e-07
0.008 5 8 6.56366 52.3367 52.7467 -19.3804 -7.66148e-05
0.008 5 20 4.18444 52.5804 52.7467 -8.94697 3.85072e-05
0.008 5 60 3.73696 61.7698 61.8827 -8.8103 5.01443e-05
0.008 5 110 3.70323 68.8097 68.9093 -8.81047 5.01443e-05
0.008 9 8 6.31613 52.0277 52.4097 -19.6822 -6.31182e-05
0.008 9 20 3.11656 52.3169 52.4097 -9.71198 -1.80174e-05
0.008 9 60 2.07518 68.5011 68.5325 -2.83571 6.75837e-06
0.008 9 110 1.96674 73.496 73.5223 -2.81506 7.58642e-06
0.008 19 8 6.31276 51.9714 52.3534 -19.6822 -6.31173e-05
0.008 19 20 3.05453 61.2734 61.3495 -9.71915 -1.80816e-05
0.008 19 60 1.34759 73.5 73.5123 -3.52527 -4.72197e-06
0.008 19 110 0.817257 73.7782 73.7827 -1.63216 -2.05838e-06
0.008 29 8 6.31275 61.1111 61.4363 -19.6822 -6.31173e-05
0.008 29 20 3.05452 68.4402 68.5083 -9.71915 -1.80816e-05
0.008 29 60 1.34748 73.7737 73.786 -3.52528 -4.72197e-06
0.008 29 110 0.76818 73.9527 73.9567 -1.64308 -2.06222e-06
0.016 5 8 3.4489 27.1749 27.3929 -8.83226 -0.000161838
0.016 5 20 2.36805 27.2903 27.3929 -3.65062 6.98124e-05
0.016 5 60 2.18123 32.4533 32.5266 -3.58398 9.26084e-05
0.016 5 110 2.17148 35.8255 35.8913 -3.58406 9.26084e-05
0.016 9 8 3.28085 26.9278 27.1269 -8.98267 -0.000134883
0.016 9 20 1.61646 27.0787 27.1269 -4.02804 -4.21608e-05
0.016 9 60 1.10382 35.6065 35.6236 -0.773568 9.26185e-06
0.016 9 110 1.07054 38.074 38.089 -0.76529 1.05903e-05
0.016 19 8 3.28038 26.9326 27.1316 -8.98267 -0.000134882
0.016 19 20 1.58498 32.1694 32.2084 -4.03163 -4.229e-05
0.016 19 60 0.590548 38.1122 38.1168 -1.07776 -1.09808e-05
0.016 19 110 0.291695 38.2478 38.2489 -0.332202 -3.61103e-06
0.016 29 8 3.28038 32.0789 32.2462 -8.98267 -0.000134882
0.016 29 20 1.58498 35.6019 35.6372 -4.03163 -4.229e-05
0.016 29 60 0.590479 38.234 38.2386 -1.07777 -1.09809e-05
0.016 29 110 0.262554 38.3261 38.327 -0.336311 -3.63596e-06
0.032 5 8 1.7965 14.3741 14.4859 -3.79512 -0.000364392
0.032 5 20 1.30521 14.427 14.4859 -1.27259 0.000109682
0.032 5 60 1.23842 17.4699 17.5138 -1.24241 0.0001517
0.032 5 110 1.23722 19.0547 19.0949 -1.24245 0.0001517
0.032 9 8 1.69323 14.2343 14.3347 -3.86943 -0.000310789
0.032 9 20 0.775395 14.3137 14.3347 -1.45156 -0.00010585
0.032 9 60 0.514898 18.942 18.949 -0.110322 7.54152e-06
0.032 9 110 0.509453 20.1392 20.1456 -0.1084 8.78232e-06
0.032 19 8 1.69304 14.2476 14.3479 -3.86943 -0.000310785
0.032 19 20 0.760946 17.3454 17.3621 -1.45336 -0.000106116
0.032 19 60 0.19274 20.1753 20.1763 -0.20631 -1.82322e-05
0.032 19 110 0.0681611 20.2402 20.2403 -0.027235 -2.5564e-06
0.032 29 8 1.69304 17.2907 17.3734 -3.86943 -0.000310785
0.032 29 20 0.760946 18.9509 18.9662 -1.45336 -0.000106116
0.032 29 60 0.192701 20.2248 20.2257 -0.206313 -1.82323e-05
0.032 29 110 0.0542787 20.2715 20.2716 -0.0280154 -2.61061e-06
0.064 5 8 0.873961 7.82414 7.8728 -1.45374 -0.000900259
0.064 5 20 0.639284 7.8468 7.8728 -0.315502 0.000121138
0.064 5 60 0.622035 9.7543 9.77411 -0.305173 0.000182981
0.064 5 110 0.622002 10.4807 10.4992 -0.305195 0.000182981
0.064 9 8 0.824356 7.78752 7.83103 -1.48914 -0.000795486
0.064 9 20 0.304078 7.82512 7.83103 -0.388545 -0.000248687
0.064 9 60 0.190436 10.4542 10.4559 -0.00332141 1.67933e-06
0.064 9 110 0.19019 11.0125 11.0141 -0.00322762 1.97986e-06
0.064 19 8 0.824332 7.78934 7.83284 -1.48914 -0.00079548
0.064 19 20 0.297165 9.72678 9.73132 -0.389424 -0.00024928
0.064 19 60 0.0358945 11.0278 11.0279 -0.0147664 -1.17359e-05
0.064 19 110 0.00816566 11.0578 11.0578 -0.000354599 -2.91262e-07
0.064 29 8 0.824332 9.69975 9.73471 -1.48914 -0.00079548
0.064 29 20 0.297165 10.4583 10.4625 -0.389424 -0.00024928
0.064 29 60 0.0358743 11.0495 11.0496 -0.0147671 -1.17362e-05
0.064 29 110 0.00442402 11.0709 11.0709 -0.000382468 -3.10084e-07
0.128 5 8 0.354668 4.46407 4.47814 -0.432253 -0.00235728
0.128 5 20 0.243055 4.47154 4.47814 -0.0351966 2.8608e-05
0.128 5 60 0.240866 5.75376 5.7588 -0.0339061 7.38647e-05
0.128 5 110 0.240863 6.07623 6.081 -0.0339189 7.38647e-05
0.128 9 8 0.336985 4.47196 4.48464 -0.446757 -0.0021666
0.128 9 20 0.0786551 4.48395 4.48464 -0.0533572 -0.000375465
0.128 9 60 0.0472608 6.08249 6.08267 4.82183e-05 -1.20851e-07
0.128 9 110 0.0472454 6.31935 6.31953 3.58065e-05 -1.14782e-07
0.128 19 8 0.336975 4.47145 4.48413 -0.446758 -0.00216659
0.128 19 20 0.0753452 5.76062 5.76112 -0.0536982 -0.00037708
0.128 19 60 0.00264074 6.32434 6.32434 -0.000132738 -1.19858e-06
0.128 19 110 0.00064285 6.33594 6.33594 2.77246e-06 -1.12166e-09
0.128 29 8 0.336975 5.75247 5.76234 -0.446758 -0.00216659
0.128 29 20 0.0753446 6.08391 6.08437 -0.0536983 -0.00037708
0.128 29 60 0.00261719 6.33385 6.33385 -0.00013289 -1.19874e-06
0.128 29 110 0.00040012 6.34018 6.34018 2.60866e-06 -1.38974e-09
0.256 5 8 0.098875 2.73763 2.73941 -0.0677546 -0.00541989
0.256 5 20 0.0560349 2.73884 2.73941 -0.000215975 -0.000200533
0.256 5 60 0.0556884 3.65368 3.6541 -0.000398812 -0.00019355
0.256 5 110 0.0556845 3.79061 3.79102 -0.000406856 -0.00019355
0.256 9 8 0.0947279 2.73922 2.74085 -0.0705029 -0.00517042
0.256 9 20 0.0106539 2.74083 2.74085 -0.00143558 -0.00018909
0.256 9 60 0.00598336 3.79155 3.79155 1.60222e-05 2.67089e-08
0.256 9 110 0.00594668 3.87158 3.87158 7.96908e-06 2.67104e-08
0.256 19 8 0.0946996 2.73954 2.74118 -0.0705043 -0.00517041
0.256 19 20 0.00967971 3.65514 3.65515 -0.0014789 -0.000192537
0.256 19 60 0.000757851 3.87318 3.87318 9.87886e-06 -4.64934e-09
0.256 19 110 0.000369383 3.87585 3.87585 1.85776e-06 -7.27196e-15
0.256 29 8 0.0946993 3.65409 3.65532 -0.0705043 -0.00517041
0.256 29 20 0.0096756 3.7922 3.79221 -0.00147898 -0.000192537
0.256 29 60 0.000701385 3.87577 3.87577 9.74936e-06 -4.65526e-09
0.256 29 110 0.000232444 3.87648 3.87648 1.72841e-06 -1.80411e-14
0.512 5 8 0.0321002 1.82547 1.82576 0.000348927 -0.00703961
0.512 5 20 0.0228696 1.82561 1.82575 -0.00048691 -0.000461386
0.512 5 60 0.0226287 2.50746 2.50757 -0.00062305 -0.00046132
0.512 5 110 0.0226259 2.55962 2.55972 -0.00062785 -0.00046132
0.512 9 8 0.0236074 1.81821 1.81836 0.00187861 -0.007121
0.512 9 20 0.00420158 1.81836 1.81836 0.000151566 -1.32142e-05
0.512 9 60 0.00258363 2.55416 2.55416 1.22466e-05 -1.28111e-08
0.512 9 110 0.00255841 2.57088 2.57089 7.45107e-06 -1.28111e-08
0.512 19 8 0.0234858 1.81855 1.8187 0.00187497 -0.00712105
0.512 19 20 0.00335006 2.50266 2.50266 0.000145986 -1.45893e-05
0.512 19 60 0.000470412 2.57166 2.57166 5.90259e-06 -7.28861e-14
0.512 19 110 0.000302712 2.57209 2.57209 1.10697e-06 -2.22045e-16
0.512 29 8 0.0234844 2.50249 2.5026 0.00187493 -0.00712105
0.512 29 20 0.0033394 2.55486 2.55487 0.000145868 -1.45893e-05
0.512 29 60 0.000386626 2.57212 2.57212 5.77116e-06 -7.44405e-14
0.512 29 110 0.000140808 2.57217 2.57217 9.75533e-07 1.11022e-16
1.024 5 8 0.0289653 1.31639 1.31671 0.00111238 -0.00214248
1.024 5 20 0.0265844 1.31644 1.31671 -0.00020382 -0.000551743
1.024 5 60 0.0265252 1.83954 1.83973 -0.000283363 -0.000551743
1.024 5 110 0.0265245 1.85733 1.85752 -0.000285929 -0.000551743
1.024 9 8 0.0124024 1.31424 1.3143 0.00168134 -0.00238366
1.024 9 20 0.00301117 1.3143 1.3143 8.98378e-05 -4.65868e-08
1.024 9 60 0.00243375 1.85562 1.85562 1.02899e-05 -2.08873e-08
1.024 9 110 0.00242663 1.85842 1.85842 7.71887e-06 -2.08873e-08
1.024 19 8 0.0121728 1.31465 1.31471 0.00167503 -0.00238388
1.024 19 20 0.00180308 1.83844 1.83844 8.27738e-05 -4.37332e-08
1.024 19 60 0.000327067 1.85918 1.85918 3.22144e-06 -6.66134e-16
1.024 19 110 0.000269042 1.85935 1.85935 6.50436e-07 -7.77156e-16
1.024 29 8 0.0121703 1.83848 1.83852 0.00167495 -0.00238388
1.024 29 20 0.0017855 1.85632 1.85632 8.26397e-05 -4.37332e-08
1.024 29 60 0.000209459 1.85945 1.85945 3.08588e-06 -9.99201e-16
1.024 29 110 9.63538e-05 1.85948 1.85948 5.14995e-07 -4.44089e-16
2.048 5 8 0.0259769 1.05642 1.05674 0.00123556 -0.00014359
2.048 5 20 0.0252635 1.05644 1.05674 0.000557636 -0.000141403
2.048 5 60 0.0252472 1.49031 1.49052 0.000515513 -0.000141403
2.048 5 110 0.0252471 1.4987 1.49891 0.000514201 -0.000141403
2.048 9 8 0.00657434 1.06415 1.06418 0.000737193 -7.50159e-06
2.048 9 20 0.00254335 1.06417 1.06418 5.21514e-05 -2.40197e-09
2.048 9 60 0.00237638 1.50408 1.50408 1.00148e-05 -2.40196e-09
2.048 9 110 0.00237453 1.50514 1.50514 8.7029e-06 -2.40196e-09
2.048 19 8 0.00613622 1.06468 1.0647 0.000729007 -7.51023e-06
2.048 19 20 0.000945083 1.49621 1.49621 4.38617e-05 -6.89448e-14
2.048 19 60 0.000267786 1.50569 1.50569 1.72455e-06 -3.33067e-16
2.048 19 110 0.000250815 1.50574 1.50574 4.12956e-07 -3.33067e-16
2.048 29 8 0.00613163 1.49635 1.49637 0.000728882 -7.51023e-06
2.048 29 20 0.000914489 1.50473 1.50473 4.37188e-05 -6.89448e-14
2.048 29 60 0.000121725 1.50589 1.50589 1.58137e-06 -1.11022e-16
2.048 29 110 7.75636e-05 1.5059 1.5059 2.69514e-07 -1.11022e-16
4.096 5 8 0.0371217 0.953825 0.954547 0.00236392 -9.65225e-05
4.096 5 20 0.0369955 0.95383 0.954547 0.00200419 -9.65223e-05
4.096 5 60 0.0369927 1.35902 1.35952 0.00198277 -9.65223e-05
4.096 5 110 0.0369926 1.36277 1.36327 0.0019821 -9.65223e-05
4.096 9 8 0.00398937 0.973009 0.973018 0.000393197 -3.01905e-09
4.096 9 20 0.00256104 0.973014 0.973018 3.32899e-05 -1.80811e-09
4.096 9 60 0.00252025 1.37623 1.37624 1.1873e-05 -1.80811e-09
4.096 9 110 0.00251981 1.37651 1.37651 1.12135e-05 -1.80812e-09
4.096 19 8 0.00310245 0.97372 0.973725 0.000382297 -1.22185e-09
4.096 19 20 0.000518439 1.37307 1.37307 2.23826e-05 -1.92069e-14
4.096 19 60 0.000247997 1.37707 1.37707 9.65121e-07 -2.51466e-14
4.096 19 110 0.000243503 1.37708 1.37708 3.05479e-07 -3.9746e-14
4.096 29 8 0.00309368 1.37319 1.37319 0.000382139 -1.22186e-09
4.096 29 20 0.000463014 1.3769 1.3769 2.22225e-05 -3.83027e-14
4.096 29 60 8.42922e-05 1.3772 1.3772 8.05153e-07 -3.83027e-14
4.096 29 110 6.99729e-05 1.3772 1.3772 1.4552e-07 -3.83027e-14
8.192 5 8 0.0735719 0.91241 0.915371 0.0047514 -5.16125e-05
8.192 5 20 0.0735561 0.912411 0.915371 0.0045688 -5.16125e-05
8.192 5 60 0.0735557 1.31457 1.31663 0.00455805 -5.16125e-05
8.192 5 110 0.0735557 1.31581 1.31786 0.00455773 -5.16125e-05
8.192 9 8 0.00346495 0.94698 0.946986 0.00021095 -1.00898e-09
8.192 9 20 0.00310985 0.946981 0.946986 2.83035e-05 -1.00906e-09
8.192 9 60 0.0031015 1.34 1.34001 1.75494e-05 -1.00906e-09
8.192 9 110 0.00310141 1.34006 1.34006 1.72191e-05 -1.00906e-09
8.192 19 8 0.00156554 0.948132 0.948133 0.000194018 -4.76869e-13
8.192 19 20 0.000340813 1.33962 1.33962 1.13689e-05 -3.79169e-13
8.192 19 60 0.000253563 1.3409 1.3409 6.14541e-07 -4.24827e-13
8.192 19 110 0.000252471 1.3409 1.3409 2.84398e-07 -4.24827e-13
8.192 29 8 0.00154655 1.33971 1.33971 0.00019382 -5.12673e-13
8.192 29 20 0.000238881 1.34092 1.34092 1.11699e-05 -5.03819e-13
8.192 29 60 7.2144e-05 1.34098 1.34098 4.15625e-07 -5.03791e-13
8.192 29 110 6.82065e-05 1.34098 1.34098 8.54822e-08 -5.03819e-13
16.384 5 8 0.152077 0.881594 0.894615 0.00948943 -4.45162e-05
16.384 5 20 0.152075 0.881595 0.894615 0.00939778 -4.4945e-05
16.384 5 60 0.152075 1.28959 1.29853 0.0093924 -4.50237e-05
16.384 5 110 0.152075 1.28994 1.29887 0.00939223 -4.4769e-05
16.384 9 8 0.00483845 0.939402 0.939415 0.000128045 -5.16511e-10
16.384 9 20 0.004778 0.939403 0.939415 3.63746e-05 -5.18446e-10
16.384 9 60 0.00477664 1.33011 1.33012 3.09918e-05 -5.18446e-10
16.384 9 110 0.00477663 1.33013 1.33014 3.08266e-05 -5.18446e-10
16.384 19 8 0.000827103 0.941602 0.941602 9.75724e-05 -5.22016e-12
16.384 19 20 0.000320592 1.33134 1.33134 5.89987e-06 -4.49227e-12
16.384 19 60 0.000299704 1.33169 1.33169 5.17009e-07 -6.47203e-12
16.384 19 110 0.000299473 1.33169 1.33169 3.51762e-07 -4.82608e-12
16.384 29 8 0.000774459 1.33142 1.33142 9.72812e-05 -5.30223e-12
16.384 29 20 0.00013589 1.33176 1.33176 5.60872e-06 -5.50503e-12
16.384 29 60 7.42252e-05 1.33177 1.33177 2.25743e-07 -5.50503e-12
16.384 29 110 7.32886e-05 1.33177 1.33177 6.07265e-08 -5.61892e-12
